Component: ARM Compiler 6.16 Tool: armlink [5dfeaa00]

==============================================================================

Section Cross References

    main.o(.text.GPIO_CTC_SYNC_Init) refers to gd32e50x_rcu.o(.text.rcu_periph_clock_enable) for rcu_periph_clock_enable
    main.o(.text.GPIO_CTC_SYNC_Init) refers to gd32e50x_gpio.o(.text.gpio_afio_port_config) for gpio_afio_port_config
    main.o(.text.GPIO_CTC_SYNC_Init) refers to gd32e50x_gpio.o(.text.gpio_init) for gpio_init
    main.o(.text.GPIO_CTC_SYNC_Init) refers to gd32e50x_rcu.o(.text.rcu_ckout0_config) for rcu_ckout0_config
    main.o(.ARM.exidx.text.GPIO_CTC_SYNC_Init) refers to main.o(.text.GPIO_CTC_SYNC_Init) for [Anonymous Symbol]
    main.o(.text.main) refers to system_gd32e50x.o(.text.SystemInit) for SystemInit
    main.o(.text.main) refers to main.o(.text.GPIO_CTC_SYNC_Init) for GPIO_CTC_SYNC_Init
    main.o(.text.main) refers to gd32e50x_misc.o(.text.nvic_irq_enable) for nvic_irq_enable
    main.o(.text.main) refers to systick.o(.text.systick_config) for systick_config
    main.o(.text.main) refers to main.o(.text.usart_config) for usart_config
    main.o(.text.main) refers to gd32e50x_usart.o(.text.usart_interrupt_enable) for usart_interrupt_enable
    main.o(.text.main) refers to main.o(.rodata.str1.1) for .L.str
    main.o(.text.main) refers to printfa.o(i.__0printf) for printf
    main.o(.text.main) refers to led_function.o(.text.LED_Check) for LED_Check
    main.o(.text.main) refers to led_function.o(.data.LED_Function_List) for LED_Function_List
    main.o(.text.main) refers to sw3516p_driver.o(.text.SW3516P_Init) for SW3516P_Init
    main.o(.ARM.exidx.text.main) refers to main.o(.text.main) for [Anonymous Symbol]
    main.o(.text.usart_config) refers to gd32e50x_rcu.o(.text.rcu_periph_clock_enable) for rcu_periph_clock_enable
    main.o(.text.usart_config) refers to gd32e50x_gpio.o(.text.gpio_init) for gpio_init
    main.o(.text.usart_config) refers to gd32e50x_usart.o(.text.usart_deinit) for usart_deinit
    main.o(.text.usart_config) refers to gd32e50x_usart.o(.text.usart_word_length_set) for usart_word_length_set
    main.o(.text.usart_config) refers to gd32e50x_usart.o(.text.usart_stop_bit_set) for usart_stop_bit_set
    main.o(.text.usart_config) refers to gd32e50x_usart.o(.text.usart_parity_config) for usart_parity_config
    main.o(.text.usart_config) refers to gd32e50x_usart.o(.text.usart_baudrate_set) for usart_baudrate_set
    main.o(.text.usart_config) refers to gd32e50x_usart.o(.text.usart_receive_config) for usart_receive_config
    main.o(.text.usart_config) refers to gd32e50x_usart.o(.text.usart_transmit_config) for usart_transmit_config
    main.o(.text.usart_config) refers to gd32e50x_usart.o(.text.usart_enable) for usart_enable
    main.o(.ARM.exidx.text.usart_config) refers to main.o(.text.usart_config) for [Anonymous Symbol]
    main.o(.ARM.exidx.text.memory_compare) refers to main.o(.text.memory_compare) for [Anonymous Symbol]
    main.o(.text.fputc) refers to gd32e50x_usart.o(.text.usart_data_transmit) for usart_data_transmit
    main.o(.text.fputc) refers to gd32e50x_usart.o(.text.usart_flag_get) for usart_flag_get
    main.o(.ARM.exidx.text.fputc) refers to main.o(.text.fputc) for [Anonymous Symbol]
    gd32e50x_it.o(.ARM.exidx.text.NMI_Handler) refers to gd32e50x_it.o(.text.NMI_Handler) for [Anonymous Symbol]
    gd32e50x_it.o(.ARM.exidx.text.HardFault_Handler) refers to gd32e50x_it.o(.text.HardFault_Handler) for [Anonymous Symbol]
    gd32e50x_it.o(.ARM.exidx.text.MemManage_Handler) refers to gd32e50x_it.o(.text.MemManage_Handler) for [Anonymous Symbol]
    gd32e50x_it.o(.ARM.exidx.text.BusFault_Handler) refers to gd32e50x_it.o(.text.BusFault_Handler) for [Anonymous Symbol]
    gd32e50x_it.o(.ARM.exidx.text.UsageFault_Handler) refers to gd32e50x_it.o(.text.UsageFault_Handler) for [Anonymous Symbol]
    gd32e50x_it.o(.ARM.exidx.text.SVC_Handler) refers to gd32e50x_it.o(.text.SVC_Handler) for [Anonymous Symbol]
    gd32e50x_it.o(.ARM.exidx.text.DebugMon_Handler) refers to gd32e50x_it.o(.text.DebugMon_Handler) for [Anonymous Symbol]
    gd32e50x_it.o(.ARM.exidx.text.PendSV_Handler) refers to gd32e50x_it.o(.text.PendSV_Handler) for [Anonymous Symbol]
    gd32e50x_it.o(.text.SysTick_Handler) refers to systick.o(.text.delay_decrement) for delay_decrement
    gd32e50x_it.o(.ARM.exidx.text.SysTick_Handler) refers to gd32e50x_it.o(.text.SysTick_Handler) for [Anonymous Symbol]
    gd32e50x_it.o(.text.UART4_IRQHandler) refers to gd32e50x_usart.o(.text.usart_interrupt_flag_get) for usart_interrupt_flag_get
    gd32e50x_it.o(.text.UART4_IRQHandler) refers to gd32e50x_usart.o(.text.usart_data_receive) for usart_data_receive
    gd32e50x_it.o(.text.UART4_IRQHandler) refers to main.o(.bss.rx_count) for rx_count
    gd32e50x_it.o(.text.UART4_IRQHandler) refers to main.o(.bss.rx_buffer) for rx_buffer
    gd32e50x_it.o(.text.UART4_IRQHandler) refers to main.o(.data.rx_buffer_size) for rx_buffer_size
[...]
    Removing gd32e50x_sqpi.o(.text.sqpi_read_command_config), (46 bytes).
    Removing gd32e50x_sqpi.o(.ARM.exidx.text.sqpi_read_command_config), (8 bytes).
    Removing gd32e50x_sqpi.o(.text.sqpi_write_command_config), (46 bytes).
    Removing gd32e50x_sqpi.o(.ARM.exidx.text.sqpi_write_command_config), (8 bytes).
    Removing gd32e50x_sqpi.o(.text.sqpi_low_id_receive), (24 bytes).
    Removing gd32e50x_sqpi.o(.ARM.exidx.text.sqpi_low_id_receive), (8 bytes).
    Removing gd32e50x_sqpi.o(.text.sqpi_high_id_receive), (24 bytes).
    Removing gd32e50x_sqpi.o(.ARM.exidx.text.sqpi_high_id_receive), (8 bytes).
    Removing gd32e50x_timer.o(.text), (0 bytes).
    Removing gd32e50x_timer.o(.text.timer_deinit), (490 bytes).
    Removing gd32e50x_timer.o(.ARM.exidx.text.timer_deinit), (8 bytes).
    Removing gd32e50x_timer.o(.text.timer_struct_para_init), (38 bytes).
    Removing gd32e50x_timer.o(.ARM.exidx.text.timer_struct_para_init), (8 bytes).
    Removing gd32e50x_timer.o(.text.timer_init), (272 bytes).
    Removing gd32e50x_timer.o(.ARM.exidx.text.timer_init), (8 bytes).
    Removing gd32e50x_timer.o(.text.timer_enable), (18 bytes).
    Removing gd32e50x_timer.o(.ARM.exidx.text.timer_enable), (8 bytes).
    Removing gd32e50x_timer.o(.text.timer_disable), (18 bytes).
    Removing gd32e50x_timer.o(.ARM.exidx.text.timer_disable), (8 bytes).
    Removing gd32e50x_timer.o(.text.timer_auto_reload_shadow_enable), (18 bytes).
    Removing gd32e50x_timer.o(.ARM.exidx.text.timer_auto_reload_shadow_enable), (8 bytes).
    Removing gd32e50x_timer.o(.text.timer_auto_reload_shadow_disable), (18 bytes).
    Removing gd32e50x_timer.o(.ARM.exidx.text.timer_auto_reload_shadow_disable), (8 bytes).
    Removing gd32e50x_timer.o(.text.timer_update_event_enable), (18 bytes).
    Removing gd32e50x_timer.o(.ARM.exidx.text.timer_update_event_enable), (8 bytes).
    Removing gd32e50x_timer.o(.text.timer_update_event_disable), (18 bytes).
    Removing gd32e50x_timer.o(.ARM.exidx.text.timer_update_event_disable), (8 bytes).
    Removing gd32e50x_timer.o(.text.timer_counter_alignment), (34 bytes).
    Removing gd32e50x_timer.o(.ARM.exidx.text.timer_counter_alignment), (8 bytes).
    Removing gd32e50x_timer.o(.text.timer_counter_up_direction), (18 bytes).
    Removing gd32e50x_timer.o(.ARM.exidx.text.timer_counter_up_direction), (8 bytes).
    Removing gd32e50x_timer.o(.text.timer_counter_down_direction), (18 bytes).
    Removing gd32e50x_timer.o(.ARM.exidx.text.timer_counter_down_direction), (8 bytes).
    Removing gd32e50x_timer.o(.text.timer_prescaler_config), (40 bytes).
    Removing gd32e50x_timer.o(.ARM.exidx.text.timer_prescaler_config), (8 bytes).
    Removing gd32e50x_timer.o(.text.timer_repetition_value_config), (20 bytes).
    Removing gd32e50x_timer.o(.ARM.exidx.text.timer_repetition_value_config), (8 bytes).
    Removing gd32e50x_timer.o(.text.timer_autoreload_value_config), (16 bytes).
    Removing gd32e50x_timer.o(.ARM.exidx.text.timer_autoreload_value_config), (8 bytes).
    Removing gd32e50x_timer.o(.text.timer_counter_value_config), (16 bytes).
    Removing gd32e50x_timer.o(.ARM.exidx.text.timer_counter_value_config), (8 bytes).
    Removing gd32e50x_timer.o(.text.timer_counter_read), (20 bytes).
    Removing gd32e50x_timer.o(.ARM.exidx.text.timer_counter_read), (8 bytes).
    Removing gd32e50x_timer.o(.text.timer_prescaler_read), (26 bytes).
    Removing gd32e50x_timer.o(.ARM.exidx.text.timer_prescaler_read), (8 bytes).
    Removing gd32e50x_timer.o(.text.timer_single_pulse_mode_config), (52 bytes).
    Removing gd32e50x_timer.o(.ARM.exidx.text.timer_single_pulse_mode_config), (8 bytes).
    Removing gd32e50x_timer.o(.text.timer_update_source_config), (52 bytes).
    Removing gd32e50x_timer.o(.ARM.exidx.text.timer_update_source_config), (8 bytes).
    Removing gd32e50x_timer.o(.text.timer_dma_enable), (24 bytes).
    Removing gd32e50x_timer.o(.ARM.exidx.text.timer_dma_enable), (8 bytes).
    Removing gd32e50x_timer.o(.text.timer_dma_disable), (24 bytes).
    Removing gd32e50x_timer.o(.ARM.exidx.text.timer_dma_disable), (8 bytes).
    Removing gd32e50x_timer.o(.text.timer_channel_dma_request_source_select), (52 bytes).
    Removing gd32e50x_timer.o(.ARM.exidx.text.timer_channel_dma_request_source_select), (8 bytes).
    Removing gd32e50x_timer.o(.text.timer_dma_transfer_config), (40 bytes).
    Removing gd32e50x_timer.o(.ARM.exidx.text.timer_dma_transfer_config), (8 bytes).
    Removing gd32e50x_timer.o(.text.timer_event_software_generate), (24 bytes).
    Removing gd32e50x_timer.o(.ARM.exidx.text.timer_event_software_generate), (8 bytes).
    Removing gd32e50x_timer.o(.text.timer_break_struct_para_init), (38 bytes).
    Removing gd32e50x_timer.o(.ARM.exidx.text.timer_break_struct_para_init), (8 bytes).
    Removing gd32e50x_timer.o(.text.timer_break_config), (42 bytes).
    Removing gd32e50x_timer.o(.ARM.exidx.text.timer_break_config), (8 bytes).
    Removing gd32e50x_timer.o(.text.timer_break_enable), (18 bytes).
    Removing gd32e50x_timer.o(.ARM.exidx.text.timer_break_enable), (8 bytes).
    Removing gd32e50x_timer.o(.text.timer_break_disable), (18 bytes).
    Removing gd32e50x_timer.o(.ARM.exidx.text.timer_break_disable), (8 bytes).
    Removing gd32e50x_timer.o(.text.timer_automatic_output_enable), (18 bytes).
    Removing gd32e50x_timer.o(.ARM.exidx.text.timer_automatic_output_enable), (8 bytes).
    Removing gd32e50x_timer.o(.text.timer_automatic_output_disable), (18 bytes).
    Removing gd32e50x_timer.o(.ARM.exidx.text.timer_automatic_output_disable), (8 bytes).
    Removing gd32e50x_timer.o(.text.timer_primary_output_config), (46 bytes).
    Removing gd32e50x_timer.o(.ARM.exidx.text.timer_primary_output_config), (8 bytes).
    Removing gd32e50x_timer.o(.text.timer_channel_control_shadow_config), (46 bytes).
    Removing gd32e50x_timer.o(.ARM.exidx.text.timer_channel_control_shadow_config), (8 bytes).
    Removing gd32e50x_timer.o(.text.timer_channel_control_shadow_update_config), (52 bytes).
    Removing gd32e50x_timer.o(.ARM.exidx.text.timer_channel_control_shadow_update_config), (8 bytes).
    Removing gd32e50x_timer.o(.text.timer_channel_output_struct_para_init), (34 bytes).
    Removing gd32e50x_timer.o(.ARM.exidx.text.timer_channel_output_struct_para_init), (8 bytes).
    Removing gd32e50x_timer.o(.text.timer_channel_output_config), (720 bytes).
    Removing gd32e50x_timer.o(.ARM.exidx.text.timer_channel_output_config), (8 bytes).
    Removing gd32e50x_timer.o(.text.timer_channel_output_mode_config), (140 bytes).
    Removing gd32e50x_timer.o(.ARM.exidx.text.timer_channel_output_mode_config), (8 bytes).
    Removing gd32e50x_timer.o(.text.timer_channel_output_pulse_value_config), (70 bytes).
    Removing gd32e50x_timer.o(.ARM.exidx.text.timer_channel_output_pulse_value_config), (8 bytes).
    Removing gd32e50x_timer.o(.text.timer_channel_output_shadow_config), (140 bytes).
    Removing gd32e50x_timer.o(.ARM.exidx.text.timer_channel_output_shadow_config), (8 bytes).
    Removing gd32e50x_timer.o(.text.timer_channel_output_fast_config), (140 bytes).
    Removing gd32e50x_timer.o(.ARM.exidx.text.timer_channel_output_fast_config), (8 bytes).
    Removing gd32e50x_timer.o(.text.timer_channel_output_clear_config), (140 bytes).
    Removing gd32e50x_timer.o(.ARM.exidx.text.timer_channel_output_clear_config), (8 bytes).
    Removing gd32e50x_timer.o(.text.timer_channel_output_polarity_config), (142 bytes).
    Removing gd32e50x_timer.o(.ARM.exidx.text.timer_channel_output_polarity_config), (8 bytes).
    Removing gd32e50x_timer.o(.text.timer_channel_complementary_output_polarity_config), (122 bytes).
    Removing gd32e50x_timer.o(.ARM.exidx.text.timer_channel_complementary_output_polarity_config), (8 bytes).
    Removing gd32e50x_timer.o(.text.timer_channel_output_state_config), (132 bytes).
    Removing gd32e50x_timer.o(.ARM.exidx.text.timer_channel_output_state_config), (8 bytes).
    Removing gd32e50x_timer.o(.text.timer_channel_complementary_output_state_config), (122 bytes).
    Removing gd32e50x_timer.o(.ARM.exidx.text.timer_channel_complementary_output_state_config), (8 bytes).
    Removing gd32e50x_timer.o(.text.timer_channel_input_struct_para_init), (28 bytes).
    Removing gd32e50x_timer.o(.ARM.exidx.text.timer_channel_input_struct_para_init), (8 bytes).
    Removing gd32e50x_timer.o(.text.timer_input_capture_config), (426 bytes).
    Removing gd32e50x_timer.o(.ARM.exidx.text.timer_input_capture_config), (8 bytes).
    Removing gd32e50x_timer.o(.text.timer_channel_input_capture_prescaler_config), (140 bytes).
    Removing gd32e50x_timer.o(.ARM.exidx.text.timer_channel_input_capture_prescaler_config), (8 bytes).
    Removing gd32e50x_timer.o(.text.timer_channel_capture_value_register_read), (74 bytes).
    Removing gd32e50x_timer.o(.ARM.exidx.text.timer_channel_capture_value_register_read), (8 bytes).
    Removing gd32e50x_timer.o(.text.timer_input_pwm_capture_config), (498 bytes).
    Removing gd32e50x_timer.o(.ARM.exidx.text.timer_input_pwm_capture_config), (8 bytes).
    Removing gd32e50x_timer.o(.text.timer_hall_mode_config), (52 bytes).
    Removing gd32e50x_timer.o(.ARM.exidx.text.timer_hall_mode_config), (8 bytes).
    Removing gd32e50x_timer.o(.text.timer_input_trigger_source_select), (30 bytes).
    Removing gd32e50x_timer.o(.ARM.exidx.text.timer_input_trigger_source_select), (8 bytes).
    Removing gd32e50x_timer.o(.text.timer_master_output_trigger_source_select), (30 bytes).
    Removing gd32e50x_timer.o(.ARM.exidx.text.timer_master_output_trigger_source_select), (8 bytes).
    Removing gd32e50x_timer.o(.text.timer_slave_mode_select), (30 bytes).
    Removing gd32e50x_timer.o(.ARM.exidx.text.timer_slave_mode_select), (8 bytes).
    Removing gd32e50x_timer.o(.text.timer_master_slave_mode_config), (52 bytes).
    Removing gd32e50x_timer.o(.ARM.exidx.text.timer_master_slave_mode_config), (8 bytes).
    Removing gd32e50x_timer.o(.text.timer_external_trigger_config), (52 bytes).
    Removing gd32e50x_timer.o(.ARM.exidx.text.timer_external_trigger_config), (8 bytes).
    Removing gd32e50x_timer.o(.text.timer_quadrature_decoder_mode_config), (102 bytes).
    Removing gd32e50x_timer.o(.ARM.exidx.text.timer_quadrature_decoder_mode_config), (8 bytes).
    Removing gd32e50x_timer.o(.text.timer_internal_clock_config), (18 bytes).
    Removing gd32e50x_timer.o(.ARM.exidx.text.timer_internal_clock_config), (8 bytes).
    Removing gd32e50x_timer.o(.text.timer_internal_trigger_as_external_clock_config), (40 bytes).
    Removing gd32e50x_timer.o(.ARM.exidx.text.timer_internal_trigger_as_external_clock_config), (8 bytes).
    Removing gd32e50x_timer.o(.text.timer_external_trigger_as_external_clock_config), (228 bytes).
    Removing gd32e50x_timer.o(.ARM.exidx.text.timer_external_trigger_as_external_clock_config), (8 bytes).
    Removing gd32e50x_timer.o(.text.timer_external_clock_mode0_config), (48 bytes).
    Removing gd32e50x_timer.o(.ARM.exidx.text.timer_external_clock_mode0_config), (8 bytes).
    Removing gd32e50x_timer.o(.text.timer_external_clock_mode1_config), (38 bytes).
    Removing gd32e50x_timer.o(.ARM.exidx.text.timer_external_clock_mode1_config), (8 bytes).
    Removing gd32e50x_timer.o(.text.timer_external_clock_mode1_disable), (18 bytes).
    Removing gd32e50x_timer.o(.ARM.exidx.text.timer_external_clock_mode1_disable), (8 bytes).
    Removing gd32e50x_timer.o(.text.timer_write_chxval_register_config), (66 bytes).
    Removing gd32e50x_timer.o(.ARM.exidx.text.timer_write_chxval_register_config), (8 bytes).
    Removing gd32e50x_timer.o(.text.timer_output_value_selection_config), (66 bytes).
    Removing gd32e50x_timer.o(.ARM.exidx.text.timer_output_value_selection_config), (8 bytes).
    Removing gd32e50x_timer.o(.text.timer_flag_get), (42 bytes).
    Removing gd32e50x_timer.o(.ARM.exidx.text.timer_flag_get), (8 bytes).
    Removing gd32e50x_timer.o(.text.timer_flag_clear), (18 bytes).
    Removing gd32e50x_timer.o(.ARM.exidx.text.timer_flag_clear), (8 bytes).
    Removing gd32e50x_timer.o(.text.timer_interrupt_enable), (20 bytes).
    Removing gd32e50x_timer.o(.ARM.exidx.text.timer_interrupt_enable), (8 bytes).
    Removing gd32e50x_timer.o(.text.timer_interrupt_disable), (20 bytes).
    Removing gd32e50x_timer.o(.ARM.exidx.text.timer_interrupt_disable), (8 bytes).
    Removing gd32e50x_timer.o(.text.timer_interrupt_flag_get), (58 bytes).
    Removing gd32e50x_timer.o(.ARM.exidx.text.timer_interrupt_flag_get), (8 bytes).
    Removing gd32e50x_timer.o(.text.timer_interrupt_flag_clear), (18 bytes).
    Removing gd32e50x_timer.o(.ARM.exidx.text.timer_interrupt_flag_clear), (8 bytes).
    Removing gd32e50x_tmu.o(.text), (0 bytes).
    Removing gd32e50x_usart.o(.text), (0 bytes).
    Removing gd32e50x_usart.o(.ARM.exidx.text.usart_deinit), (8 bytes).
    Removing gd32e50x_usart.o(.ARM.exidx.text.usart_baudrate_set), (8 bytes).
    Removing gd32e50x_usart.o(.ARM.exidx.text.usart_parity_config), (8 bytes).
    Removing gd32e50x_usart.o(.ARM.exidx.text.usart_word_length_set), (8 bytes).
    Removing gd32e50x_usart.o(.ARM.exidx.text.usart_stop_bit_set), (8 bytes).
    Removing gd32e50x_usart.o(.ARM.exidx.text.usart_enable), (8 bytes).
    Removing gd32e50x_usart.o(.text.usart_disable), (48 bytes).
    Removing gd32e50x_usart.o(.ARM.exidx.text.usart_disable), (8 bytes).
    Removing gd32e50x_usart.o(.ARM.exidx.text.usart_transmit_config), (8 bytes).
    Removing gd32e50x_usart.o(.ARM.exidx.text.usart_receive_config), (8 bytes).
    Removing gd32e50x_usart.o(.text.usart_oversample_config), (88 bytes).
    Removing gd32e50x_usart.o(.ARM.exidx.text.usart_oversample_config), (8 bytes).
    Removing gd32e50x_usart.o(.text.usart_sample_bit_config), (88 bytes).
    Removing gd32e50x_usart.o(.ARM.exidx.text.usart_sample_bit_config), (8 bytes).
    Removing gd32e50x_usart.o(.text.usart_receiver_timeout_enable), (52 bytes).
    Removing gd32e50x_usart.o(.ARM.exidx.text.usart_receiver_timeout_enable), (8 bytes).
    Removing gd32e50x_usart.o(.text.usart_receiver_timeout_disable), (52 bytes).
    Removing gd32e50x_usart.o(.ARM.exidx.text.usart_receiver_timeout_disable), (8 bytes).
    Removing gd32e50x_usart.o(.text.usart_receiver_timeout_threshold_config), (86 bytes).
    Removing gd32e50x_usart.o(.ARM.exidx.text.usart_receiver_timeout_threshold_config), (8 bytes).
    Removing gd32e50x_usart.o(.ARM.exidx.text.usart_data_transmit), (8 bytes).
    Removing gd32e50x_usart.o(.ARM.exidx.text.usart_data_receive), (8 bytes).
    Removing gd32e50x_usart.o(.text.usart_mute_mode_enable), (48 bytes).
    Removing gd32e50x_usart.o(.ARM.exidx.text.usart_mute_mode_enable), (8 bytes).
    Removing gd32e50x_usart.o(.text.usart_mute_mode_disable), (48 bytes).
    Removing gd32e50x_usart.o(.ARM.exidx.text.usart_mute_mode_disable), (8 bytes).
    Removing gd32e50x_usart.o(.text.usart_mute_mode_wakeup_config), (88 bytes).
    Removing gd32e50x_usart.o(.ARM.exidx.text.usart_mute_mode_wakeup_config), (8 bytes).
    Removing gd32e50x_usart.o(.text.usart_lin_mode_enable), (58 bytes).
    Removing gd32e50x_usart.o(.ARM.exidx.text.usart_lin_mode_enable), (8 bytes).
    Removing gd32e50x_usart.o(.text.usart_lin_mode_disable), (58 bytes).
    Removing gd32e50x_usart.o(.ARM.exidx.text.usart_lin_mode_disable), (8 bytes).
    Removing gd32e50x_usart.o(.text.usart_lin_break_detection_length_config), (88 bytes).
    Removing gd32e50x_usart.o(.ARM.exidx.text.usart_lin_break_detection_length_config), (8 bytes).
    Removing gd32e50x_usart.o(.text.usart_halfduplex_enable), (58 bytes).
    Removing gd32e50x_usart.o(.ARM.exidx.text.usart_halfduplex_enable), (8 bytes).
    Removing gd32e50x_usart.o(.text.usart_halfduplex_disable), (58 bytes).
    Removing gd32e50x_usart.o(.ARM.exidx.text.usart_halfduplex_disable), (8 bytes).
    Removing gd32e50x_usart.o(.text.usart_synchronous_clock_enable), (58 bytes).
    Removing gd32e50x_usart.o(.ARM.exidx.text.usart_synchronous_clock_enable), (8 bytes).
    Removing gd32e50x_usart.o(.text.usart_synchronous_clock_disable), (58 bytes).
    Removing gd32e50x_usart.o(.ARM.exidx.text.usart_synchronous_clock_disable), (8 bytes).
    Removing gd32e50x_usart.o(.text.usart_synchronous_clock_config), (124 bytes).
    Removing gd32e50x_usart.o(.ARM.exidx.text.usart_synchronous_clock_config), (8 bytes).
    Removing gd32e50x_usart.o(.text.usart_guard_time_config), (90 bytes).
    Removing gd32e50x_usart.o(.ARM.exidx.text.usart_guard_time_config), (8 bytes).
    Removing gd32e50x_usart.o(.text.usart_smartcard_mode_enable), (58 bytes).
    Removing gd32e50x_usart.o(.ARM.exidx.text.usart_smartcard_mode_enable), (8 bytes).
    Removing gd32e50x_usart.o(.text.usart_smartcard_mode_disable), (58 bytes).
    Removing gd32e50x_usart.o(.ARM.exidx.text.usart_smartcard_mode_disable), (8 bytes).
    Removing gd32e50x_usart.o(.text.usart_smartcard_mode_nack_enable), (58 bytes).
    Removing gd32e50x_usart.o(.ARM.exidx.text.usart_smartcard_mode_nack_enable), (8 bytes).
    Removing gd32e50x_usart.o(.text.usart_smartcard_mode_nack_disable), (58 bytes).
    Removing gd32e50x_usart.o(.ARM.exidx.text.usart_smartcard_mode_nack_disable), (8 bytes).
    Removing gd32e50x_usart.o(.text.usart_smartcard_autoretry_config), (106 bytes).
    Removing gd32e50x_usart.o(.ARM.exidx.text.usart_smartcard_autoretry_config), (8 bytes).
    Removing gd32e50x_usart.o(.text.usart_block_length_config), (88 bytes).
    Removing gd32e50x_usart.o(.ARM.exidx.text.usart_block_length_config), (8 bytes).
    Removing gd32e50x_usart.o(.text.usart_irda_mode_enable), (58 bytes).
    Removing gd32e50x_usart.o(.ARM.exidx.text.usart_irda_mode_enable), (8 bytes).
    Removing gd32e50x_usart.o(.text.usart_irda_mode_disable), (58 bytes).
    Removing gd32e50x_usart.o(.ARM.exidx.text.usart_irda_mode_disable), (8 bytes).
    Removing gd32e50x_usart.o(.text.usart_prescaler_config), (86 bytes).
    Removing gd32e50x_usart.o(.ARM.exidx.text.usart_prescaler_config), (8 bytes).
    Removing gd32e50x_usart.o(.text.usart_irda_lowpower_config), (88 bytes).
    Removing gd32e50x_usart.o(.ARM.exidx.text.usart_irda_lowpower_config), (8 bytes).
    Removing gd32e50x_usart.o(.text.usart_dma_receive_config), (96 bytes).
    Removing gd32e50x_usart.o(.ARM.exidx.text.usart_dma_receive_config), (8 bytes).
    Removing gd32e50x_usart.o(.text.usart_dma_transmit_config), (96 bytes).
    Removing gd32e50x_usart.o(.ARM.exidx.text.usart_dma_transmit_config), (8 bytes).
    Removing gd32e50x_usart.o(.text.usart_hardware_flow_rts_config), (34 bytes).
    Removing gd32e50x_usart.o(.ARM.exidx.text.usart_hardware_flow_rts_config), (8 bytes).
    Removing gd32e50x_usart.o(.text.usart_hardware_flow_cts_config), (34 bytes).
    Removing gd32e50x_usart.o(.ARM.exidx.text.usart_hardware_flow_cts_config), (8 bytes).
    Removing gd32e50x_usart.o(.text.usart_data_first_config), (50 bytes).
    Removing gd32e50x_usart.o(.ARM.exidx.text.usart_data_first_config), (8 bytes).
    Removing gd32e50x_usart.o(.text.usart_invert_config), (134 bytes).
    Removing gd32e50x_usart.o(.ARM.exidx.text.usart_invert_config), (8 bytes).
    Removing gd32e50x_usart.o(.text.usart_address_config), (38 bytes).
    Removing gd32e50x_usart.o(.ARM.exidx.text.usart_address_config), (8 bytes).
    Removing gd32e50x_usart.o(.text.usart_send_break), (18 bytes).
    Removing gd32e50x_usart.o(.ARM.exidx.text.usart_send_break), (8 bytes).
    Removing gd32e50x_usart.o(.text.usart_collision_detected_interrupt_enable), (22 bytes).
    Removing gd32e50x_usart.o(.ARM.exidx.text.usart_collision_detected_interrupt_enable), (8 bytes).
    Removing gd32e50x_usart.o(.text.usart_collision_detected_interrupt_disable), (22 bytes).
    Removing gd32e50x_usart.o(.ARM.exidx.text.usart_collision_detected_interrupt_disable), (8 bytes).
    Removing gd32e50x_usart.o(.text.usart_collision_detection_enable), (22 bytes).
    Removing gd32e50x_usart.o(.ARM.exidx.text.usart_collision_detection_enable), (8 bytes).
    Removing gd32e50x_usart.o(.text.usart_collision_detection_disable), (22 bytes).
    Removing gd32e50x_usart.o(.ARM.exidx.text.usart_collision_detection_disable), (8 bytes).
    Removing gd32e50x_usart.o(.ARM.exidx.text.usart_flag_get), (8 bytes).
    Removing gd32e50x_usart.o(.text.usart_flag_clear), (74 bytes).
    Removing gd32e50x_usart.o(.ARM.exidx.text.usart_flag_clear), (8 bytes).
    Removing gd32e50x_usart.o(.ARM.exidx.text.usart_interrupt_enable), (8 bytes).
    Removing gd32e50x_usart.o(.ARM.exidx.text.usart_interrupt_disable), (8 bytes).
    Removing gd32e50x_usart.o(.ARM.exidx.text.usart_interrupt_flag_get), (8 bytes).
    Removing gd32e50x_usart.o(.text.usart_interrupt_flag_clear), (28 bytes).
    Removing gd32e50x_usart.o(.ARM.exidx.text.usart_interrupt_flag_clear), (8 bytes).
    Removing gd32e50x_usart.o(.text.usart5_data_first_config), (56 bytes).
    Removing gd32e50x_usart.o(.ARM.exidx.text.usart5_data_first_config), (8 bytes).
    Removing gd32e50x_usart.o(.text.usart5_invert_config), (136 bytes).
    Removing gd32e50x_usart.o(.ARM.exidx.text.usart5_invert_config), (8 bytes).
    Removing gd32e50x_usart.o(.text.usart5_overrun_enable), (28 bytes).
    Removing gd32e50x_usart.o(.ARM.exidx.text.usart5_overrun_enable), (8 bytes).
    Removing gd32e50x_usart.o(.text.usart5_overrun_disable), (28 bytes).
    Removing gd32e50x_usart.o(.ARM.exidx.text.usart5_overrun_disable), (8 bytes).
    Removing gd32e50x_usart.o(.text.usart5_address_config), (46 bytes).
    Removing gd32e50x_usart.o(.ARM.exidx.text.usart5_address_config), (8 bytes).
    Removing gd32e50x_usart.o(.text.usart5_address_detection_mode_config), (44 bytes).
    Removing gd32e50x_usart.o(.ARM.exidx.text.usart5_address_detection_mode_config), (8 bytes).
    Removing gd32e50x_usart.o(.text.usart5_smartcard_mode_early_nack_enable), (22 bytes).
    Removing gd32e50x_usart.o(.ARM.exidx.text.usart5_smartcard_mode_early_nack_enable), (8 bytes).
    Removing gd32e50x_usart.o(.text.usart5_smartcard_mode_early_nack_disable), (22 bytes).
    Removing gd32e50x_usart.o(.ARM.exidx.text.usart5_smartcard_mode_early_nack_disable), (8 bytes).
    Removing gd32e50x_usart.o(.text.usart5_reception_error_dma_enable), (28 bytes).
    Removing gd32e50x_usart.o(.ARM.exidx.text.usart5_reception_error_dma_enable), (8 bytes).
    Removing gd32e50x_usart.o(.text.usart5_reception_error_dma_disable), (28 bytes).
    Removing gd32e50x_usart.o(.ARM.exidx.text.usart5_reception_error_dma_disable), (8 bytes).
    Removing gd32e50x_usart.o(.text.usart5_wakeup_enable), (18 bytes).
    Removing gd32e50x_usart.o(.ARM.exidx.text.usart5_wakeup_enable), (8 bytes).
    Removing gd32e50x_usart.o(.text.usart5_wakeup_disable), (18 bytes).
    Removing gd32e50x_usart.o(.ARM.exidx.text.usart5_wakeup_disable), (8 bytes).
    Removing gd32e50x_usart.o(.text.usart5_wakeup_mode_config), (44 bytes).
    Removing gd32e50x_usart.o(.ARM.exidx.text.usart5_wakeup_mode_config), (8 bytes).
    Removing gd32e50x_usart.o(.text.usart5_receive_fifo_enable), (22 bytes).
    Removing gd32e50x_usart.o(.ARM.exidx.text.usart5_receive_fifo_enable), (8 bytes).
    Removing gd32e50x_usart.o(.text.usart5_receive_fifo_disable), (22 bytes).
    Removing gd32e50x_usart.o(.ARM.exidx.text.usart5_receive_fifo_disable), (8 bytes).
    Removing gd32e50x_usart.o(.text.usart5_receive_fifo_counter_number), (18 bytes).
    Removing gd32e50x_usart.o(.ARM.exidx.text.usart5_receive_fifo_counter_number), (8 bytes).
    Removing gd32e50x_usart.o(.text.usart5_flag_get), (58 bytes).
    Removing gd32e50x_usart.o(.ARM.exidx.text.usart5_flag_get), (8 bytes).
    Removing gd32e50x_usart.o(.text.usart5_flag_clear), (34 bytes).
    Removing gd32e50x_usart.o(.ARM.exidx.text.usart5_flag_clear), (8 bytes).
    Removing gd32e50x_usart.o(.text.usart5_interrupt_enable), (36 bytes).
    Removing gd32e50x_usart.o(.ARM.exidx.text.usart5_interrupt_enable), (8 bytes).
    Removing gd32e50x_usart.o(.text.usart5_interrupt_disable), (36 bytes).
    Removing gd32e50x_usart.o(.ARM.exidx.text.usart5_interrupt_disable), (8 bytes).
    Removing gd32e50x_usart.o(.text.usart5_command_enable), (20 bytes).
    Removing gd32e50x_usart.o(.ARM.exidx.text.usart5_command_enable), (8 bytes).
    Removing gd32e50x_usart.o(.text.usart5_interrupt_flag_get), (94 bytes).
    Removing gd32e50x_usart.o(.ARM.exidx.text.usart5_interrupt_flag_get), (8 bytes).
    Removing gd32e50x_usart.o(.text.usart5_interrupt_flag_clear), (64 bytes).
    Removing gd32e50x_usart.o(.ARM.exidx.text.usart5_interrupt_flag_clear), (8 bytes).
    Removing gd32e50x_wwdgt.o(.text), (0 bytes).
    Removing gd32e50x_wwdgt.o(.text.wwdgt_deinit), (24 bytes).
    Removing gd32e50x_wwdgt.o(.ARM.exidx.text.wwdgt_deinit), (8 bytes).
    Removing gd32e50x_wwdgt.o(.text.wwdgt_enable), (18 bytes).
    Removing gd32e50x_wwdgt.o(.ARM.exidx.text.wwdgt_enable), (8 bytes).
    Removing gd32e50x_wwdgt.o(.text.wwdgt_counter_update), (28 bytes).
    Removing gd32e50x_wwdgt.o(.ARM.exidx.text.wwdgt_counter_update), (8 bytes).
    Removing gd32e50x_wwdgt.o(.text.wwdgt_config), (56 bytes).
    Removing gd32e50x_wwdgt.o(.ARM.exidx.text.wwdgt_config), (8 bytes).
    Removing gd32e50x_wwdgt.o(.text.wwdgt_flag_get), (42 bytes).
    Removing gd32e50x_wwdgt.o(.ARM.exidx.text.wwdgt_flag_get), (8 bytes).
    Removing gd32e50x_wwdgt.o(.text.wwdgt_flag_clear), (14 bytes).
    Removing gd32e50x_wwdgt.o(.ARM.exidx.text.wwdgt_flag_clear), (8 bytes).
    Removing gd32e50x_wwdgt.o(.text.wwdgt_interrupt_enable), (18 bytes).
    Removing gd32e50x_wwdgt.o(.ARM.exidx.text.wwdgt_interrupt_enable), (8 bytes).
    Removing gd32e503r_start.o(.text), (0 bytes).
    Removing gd32e503r_start.o(.text.gd_eval_led_init), (90 bytes).
    Removing gd32e503r_start.o(.ARM.exidx.text.gd_eval_led_init), (8 bytes).
    Removing gd32e503r_start.o(.text.gd_eval_led_on), (40 bytes).
    Removing gd32e503r_start.o(.ARM.exidx.text.gd_eval_led_on), (8 bytes).
    Removing gd32e503r_start.o(.text.gd_eval_led_off), (40 bytes).
    Removing gd32e503r_start.o(.ARM.exidx.text.gd_eval_led_off), (8 bytes).
    Removing gd32e503r_start.o(.text.gd_eval_led_toggle), (64 bytes).
    Removing gd32e503r_start.o(.ARM.exidx.text.gd_eval_led_toggle), (8 bytes).
    Removing gd32e503r_start.o(.text.gd_eval_key_init), (184 bytes).
    Removing gd32e503r_start.o(.ARM.exidx.text.gd_eval_key_init), (8 bytes).
    Removing gd32e503r_start.o(.text.gd_eval_key_state_get), (44 bytes).
    Removing gd32e503r_start.o(.ARM.exidx.text.gd_eval_key_state_get), (8 bytes).
    Removing gd32e503r_start.o(.text.gd_eval_com_init), (200 bytes).
    Removing gd32e503r_start.o(.ARM.exidx.text.gd_eval_com_init), (8 bytes).
    Removing gd32e503r_start.o(.data.GPIO_CLK), (8 bytes).
    Removing gd32e503r_start.o(.data.GPIO_PORT), (16 bytes).
    Removing gd32e503r_start.o(.data.GPIO_PIN), (16 bytes).
    Removing gd32e503r_start.o(.data.KEY_CLK), (2 bytes).
    Removing gd32e503r_start.o(.data.KEY_PORT), (4 bytes).
    Removing gd32e503r_start.o(.data.KEY_PIN), (4 bytes).
    Removing gd32e503r_start.o(.data.KEY_IRQn), (1 bytes).
    Removing gd32e503r_start.o(.bss.KEY_PORT_SOURCE), (1 bytes).
    Removing gd32e503r_start.o(.bss.KEY_PIN_SOURCE), (1 bytes).
    Removing gd32e503r_start.o(.data.KEY_EXTI_LINE), (4 bytes).
    Removing gd32e503r_start.o(.data.COM_GPIO_CLK), (4 bytes).
    Removing gd32e503r_start.o(.data.COM_CLK), (2 bytes).
    Removing gd32e503r_start.o(.data.COM_GPIO_PORT), (8 bytes).
    Removing gd32e503r_start.o(.data.COM_TX_PIN), (4 bytes).
    Removing gd32e503r_start.o(.data.COM_RX_PIN), (4 bytes).
    Removing startup_gd32e50x_hd.o(HEAP), (1024 bytes).
    Removing led_function.o(.text), (0 bytes).
    Removing led_function.o(.ARM.exidx.text.LED_Check), (8 bytes).
    Removing pd_function.o(.text), (0 bytes).
    Removing pd_function.o(.data.PD_Function), (12 bytes).
    Removing oled.o(.text), (0 bytes).
    Removing oled.o(.text.OLED_WR_Byte), (38 bytes).
    Removing oled.o(.ARM.exidx.text.OLED_WR_Byte), (8 bytes).
    Removing oled.o(.text.fill_picture), (116 bytes).
    Removing oled.o(.ARM.exidx.text.fill_picture), (8 bytes).
    Removing oled.o(.text.OLED_Set_Pos), (58 bytes).
    Removing oled.o(.ARM.exidx.text.OLED_Set_Pos), (8 bytes).
    Removing oled.o(.text.OLED_Display_On), (34 bytes).
    Removing oled.o(.ARM.exidx.text.OLED_Display_On), (8 bytes).
    Removing oled.o(.text.OLED_Display_Off), (34 bytes).
    Removing oled.o(.ARM.exidx.text.OLED_Display_Off), (8 bytes).
    Removing oled.o(.text.OLED_Clear), (110 bytes).
    Removing oled.o(.ARM.exidx.text.OLED_Clear), (8 bytes).
    Removing oled.o(.text.OLED_On), (110 bytes).
    Removing oled.o(.ARM.exidx.text.OLED_On), (8 bytes).
    Removing oled.o(.text.OLED_ShowChar), (312 bytes).
    Removing oled.o(.ARM.exidx.text.OLED_ShowChar), (8 bytes).
    Removing oled.o(.text.oled_pow), (50 bytes).
    Removing oled.o(.ARM.exidx.text.oled_pow), (8 bytes).
    Removing oled.o(.text.OLED_ShowNum), (238 bytes).
    Removing oled.o(.ARM.exidx.text.OLED_ShowNum), (8 bytes).
    Removing oled.o(.text.OLED_ShowString), (116 bytes).
    Removing oled.o(.ARM.exidx.text.OLED_ShowString), (8 bytes).
    Removing oled.o(.text.OLED_ShowCHinese), (200 bytes).
    Removing oled.o(.ARM.exidx.text.OLED_ShowCHinese), (8 bytes).
    Removing oled.o(.text.OLED_DrawBMP), (174 bytes).
    Removing oled.o(.ARM.exidx.text.OLED_DrawBMP), (8 bytes).
    Removing oled.o(.text.OLED_Init), (250 bytes).
    Removing oled.o(.ARM.exidx.text.OLED_Init), (8 bytes).
    Removing oled.o(.rodata.F6x8), (552 bytes).
    Removing oled.o(.rodata.F8X16), (1520 bytes).
    Removing oled.o(.data.Hzk), (896 bytes).
    Removing oled.o(.rodata.str1.1), (12 bytes).
    Removing oled_check.o(.text), (0 bytes).
    Removing oled_check.o(.text.oled_main), (426 bytes).
    Removing oled_check.o(.ARM.exidx.text.oled_main), (8 bytes).
    Removing oled_check.o(.data.BMP1), (1024 bytes).
    Removing oled_check.o(.rodata.str1.1), (29 bytes).
    Removing software_iic_driver.o(.text), (0 bytes).
    Removing software_iic_driver.o(.ARM.exidx.text.software_iic_Init), (8 bytes).
    Removing software_iic_driver.o(.ARM.exidx.text.delay_10us), (8 bytes).
    Removing software_iic_driver.o(.text.SDA_Test), (74 bytes).
    Removing software_iic_driver.o(.ARM.exidx.text.SDA_Test), (8 bytes).
    Removing software_iic_driver.o(.ARM.exidx.text.IIC_Start), (8 bytes).
    Removing software_iic_driver.o(.ARM.exidx.text.IIC_Stop), (8 bytes).
    Removing software_iic_driver.o(.ARM.exidx.text.IIC_Wait_Ack), (8 bytes).
    Removing software_iic_driver.o(.ARM.exidx.text.IIC_Send_Ack), (8 bytes).
    Removing software_iic_driver.o(.text.IIC_Send_NAck), (54 bytes).
    Removing software_iic_driver.o(.ARM.exidx.text.IIC_Send_NAck), (8 bytes).
    Removing software_iic_driver.o(.ARM.exidx.text.Write_IIC_Byte), (8 bytes).
    Removing software_iic_driver.o(.ARM.exidx.text.Read_IIC_Byte), (8 bytes).
    Removing software_iic_driver.o(.ARM.exidx.text.IIC_Driver_Write_Single_Data), (8 bytes).
    Removing software_iic_driver.o(.text.IIC_Driver_Write_Multi_Data), (72 bytes).
    Removing software_iic_driver.o(.ARM.exidx.text.IIC_Driver_Write_Multi_Data), (8 bytes).
    Removing software_iic_driver.o(.ARM.exidx.text.IIC_Driver_Read_Single_Data), (8 bytes).
    Removing software_iic_driver.o(.text.IIC_Driver_Read_Multi_Data), (156 bytes).
    Removing software_iic_driver.o(.ARM.exidx.text.IIC_Driver_Read_Multi_Data), (8 bytes).
    Removing software_iic_driver.o(.text.Write_IIC_Command), (52 bytes).
    Removing software_iic_driver.o(.ARM.exidx.text.Write_IIC_Command), (8 bytes).
    Removing software_iic_driver.o(.text.Write_IIC_Data), (52 bytes).
    Removing software_iic_driver.o(.ARM.exidx.text.Write_IIC_Data), (8 bytes).
    Removing led_driver.o(.text), (0 bytes).
    Removing led_driver.o(.ARM.exidx.text.LED_Driver_Init), (8 bytes).
    Removing led_driver.o(.ARM.exidx.text.LED_Driver_ON), (8 bytes).
    Removing led_driver.o(.ARM.exidx.text.LED_Driver_OFF), (8 bytes).
    Removing led_driver.o(.ARM.exidx.text.LED_Driver_Turn), (8 bytes).
    Removing iic_api.o(.text), (0 bytes).
    Removing sw3516p_driver.o(.text), (0 bytes).
    Removing sw3516p_driver.o(.ARM.exidx.text.Read_Device_Version), (8 bytes).
    Removing sw3516p_driver.o(.ARM.exidx.text.SW3516P_Get_State), (8 bytes).
    Removing sw3516p_driver.o(.ARM.exidx.text.SW3516P_Init), (8 bytes).
    Removing sw3516p_driver.o(.ARM.exidx.text.SW3516P_Power_Port_Config), (8 bytes).
    Removing sw3516p_driver.o(.text.SW3516P_Current_Limiting), (254 bytes).
    Removing sw3516p_driver.o(.ARM.exidx.text.SW3516P_Current_Limiting), (8 bytes).

1757 unused section(s) (total 66944 bytes) removed from the image.

==============================================================================

Image Symbol Table

    Local Symbols

    Symbol Name                              Value     Ov Type        Size  Object(Section)

    ../clib/division.s                       0x00000000   Number         0  aeabi_sdiv.o ABSOLUTE
    ../clib/microlib/division.c              0x00000000   Number         0  uidiv.o ABSOLUTE
    ../clib/microlib/division.c              0x00000000   Number         0  uldiv.o ABSOLUTE
    ../clib/microlib/init/entry.s            0x00000000   Number         0  entry.o ABSOLUTE
    ../clib/microlib/init/entry.s            0x00000000   Number         0  entry2.o ABSOLUTE
    ../clib/microlib/init/entry.s            0x00000000   Number         0  entry5.o ABSOLUTE
    ../clib/microlib/init/entry.s            0x00000000   Number         0  entry7a.o ABSOLUTE
    ../clib/microlib/init/entry.s            0x00000000   Number         0  entry7b.o ABSOLUTE
    ../clib/microlib/init/entry.s            0x00000000   Number         0  entry8a.o ABSOLUTE
    ../clib/microlib/init/entry.s            0x00000000   Number         0  entry8b.o ABSOLUTE
    ../clib/microlib/init/entry.s            0x00000000   Number         0  entry9a.o ABSOLUTE
    ../clib/microlib/init/entry.s            0x00000000   Number         0  entry9b.o ABSOLUTE
    ../clib/microlib/init/entry.s            0x00000000   Number         0  entry10a.o ABSOLUTE
    ../clib/microlib/init/entry.s            0x00000000   Number         0  entry10b.o ABSOLUTE
    ../clib/microlib/init/entry.s            0x00000000   Number         0  entry11a.o ABSOLUTE
    ../clib/microlib/init/entry.s            0x00000000   Number         0  entry11b.o ABSOLUTE
    ../clib/microlib/longlong.c              0x00000000   Number         0  llshl.o ABSOLUTE
    ../clib/microlib/longlong.c              0x00000000   Number         0  llushr.o ABSOLUTE
    ../clib/microlib/longlong.c              0x00000000   Number         0  llsshr.o ABSOLUTE
    ../clib/microlib/printf/printf.c         0x00000000   Number         0  printfa.o ABSOLUTE
    ../clib/microlib/stdio/streams.c         0x00000000   Number         0  stdout.o ABSOLUTE
    ../clib/microlib/stubs.s                 0x00000000   Number         0  iusefp.o ABSOLUTE
    ../fplib/microlib/fpadd.c                0x00000000   Number         0  dadd.o ABSOLUTE
    ../fplib/microlib/fpdiv.c                0x00000000   Number         0  ddiv.o ABSOLUTE
    ../fplib/microlib/fpepilogue.c           0x00000000   Number         0  depilogue.o ABSOLUTE
    ../fplib/microlib/fpfix.c                0x00000000   Number         0  dfixul.o ABSOLUTE
    ../fplib/microlib/fpmul.c                0x00000000   Number         0  dmul.o ABSOLUTE
    ..\GD32E50x_Firmware_Library\CMSIS\GD\GD32E50x\Source\ARM\startup_gd32e50x_hd.s 0x00000000   Number         0  startup_gd32e50x_hd.o ABSOLUTE
    LED_Driver.c                             0x00000000   Number         0  led_driver.o ABSOLUTE
    LED_Function.c                           0x00000000   Number         0  led_function.o ABSOLUTE
    PD_Function.c                            0x00000000   Number         0  pd_function.o ABSOLUTE
    cdrcmple.s                               0x00000000   Number         0  cdrcmple.o ABSOLUTE
    dc.s                                     0x00000000   Number         0  dc.o ABSOLUTE
    gd32e503r_start.c                        0x00000000   Number         0  gd32e503r_start.o ABSOLUTE
    gd32e50x_adc.c                           0x00000000   Number         0  gd32e50x_adc.o ABSOLUTE
    gd32e50x_bkp.c                           0x00000000   Number         0  gd32e50x_bkp.o ABSOLUTE
    gd32e50x_can.c                           0x00000000   Number         0  gd32e50x_can.o ABSOLUTE
    gd32e50x_cmp.c                           0x00000000   Number         0  gd32e50x_cmp.o ABSOLUTE
    gd32e50x_crc.c                           0x00000000   Number         0  gd32e50x_crc.o ABSOLUTE
    gd32e50x_ctc.c                           0x00000000   Number         0  gd32e50x_ctc.o ABSOLUTE
    gd32e50x_dac.c                           0x00000000   Number         0  gd32e50x_dac.o ABSOLUTE
    gd32e50x_dbg.c                           0x00000000   Number         0  gd32e50x_dbg.o ABSOLUTE
    gd32e50x_dma.c                           0x00000000   Number         0  gd32e50x_dma.o ABSOLUTE
    gd32e50x_enet.c                          0x00000000   Number         0  gd32e50x_enet.o ABSOLUTE
    gd32e50x_exmc.c                          0x00000000   Number         0  gd32e50x_exmc.o ABSOLUTE
    gd32e50x_exti.c                          0x00000000   Number         0  gd32e50x_exti.o ABSOLUTE
    gd32e50x_fmc.c                           0x00000000   Number         0  gd32e50x_fmc.o ABSOLUTE
    gd32e50x_fwdgt.c                         0x00000000   Number         0  gd32e50x_fwdgt.o ABSOLUTE
    gd32e50x_gpio.c                          0x00000000   Number         0  gd32e50x_gpio.o ABSOLUTE
    gd32e50x_i2c.c                           0x00000000   Number         0  gd32e50x_i2c.o ABSOLUTE
    gd32e50x_it.c                            0x00000000   Number         0  gd32e50x_it.o ABSOLUTE
    gd32e50x_misc.c                          0x00000000   Number         0  gd32e50x_misc.o ABSOLUTE
    gd32e50x_pmu.c                           0x00000000   Number         0  gd32e50x_pmu.o ABSOLUTE
    gd32e50x_rcu.c                           0x00000000   Number         0  gd32e50x_rcu.o ABSOLUTE
    gd32e50x_rtc.c                           0x00000000   Number         0  gd32e50x_rtc.o ABSOLUTE
    gd32e50x_sdio.c                          0x00000000   Number         0  gd32e50x_sdio.o ABSOLUTE
    gd32e50x_shrtimer.c                      0x00000000   Number         0  gd32e50x_shrtimer.o ABSOLUTE
    gd32e50x_spi.c                           0x00000000   Number         0  gd32e50x_spi.o ABSOLUTE
    gd32e50x_sqpi.c                          0x00000000   Number         0  gd32e50x_sqpi.o ABSOLUTE
    gd32e50x_timer.c                         0x00000000   Number         0  gd32e50x_timer.o ABSOLUTE
    gd32e50x_tmu.c                           0x00000000   Number         0  gd32e50x_tmu.o ABSOLUTE
    gd32e50x_usart.c                         0x00000000   Number         0  gd32e50x_usart.o ABSOLUTE
    gd32e50x_wwdgt.c                         0x00000000   Number         0  gd32e50x_wwdgt.o ABSOLUTE
    handlers.s                               0x00000000   Number         0  handlers.o ABSOLUTE
    iic_api.c                                0x00000000   Number         0  iic_api.o ABSOLUTE
    init.s                                   0x00000000   Number         0  init.o ABSOLUTE
    main.c                                   0x00000000   Number         0  main.o ABSOLUTE
    oled.c                                   0x00000000   Number         0  oled.o ABSOLUTE
    oled_check.c                             0x00000000   Number         0  oled_check.o ABSOLUTE
    software_iic_driver.c                    0x00000000   Number         0  software_iic_driver.o ABSOLUTE
    sw3516p_driver.c                         0x00000000   Number         0  sw3516p_driver.o ABSOLUTE
    system_gd32e50x.c                        0x00000000   Number         0  system_gd32e50x.o ABSOLUTE
    systick.c                                0x00000000   Number         0  systick.o ABSOLUTE
    RESET                                    0x08000000   Section      416  startup_gd32e50x_hd.o(RESET)
    .ARM.Collect$$$$00000000                 0x080001a0   Section        0  entry.o(.ARM.Collect$$$$00000000)
    .ARM.Collect$$$$00000001                 0x080001a0   Section        4  entry2.o(.ARM.Collect$$$$00000001)
    .ARM.Collect$$$$00000004                 0x080001a4   Section        4  entry5.o(.ARM.Collect$$$$00000004)
    .ARM.Collect$$$$00000008                 0x080001a8   Section        0  entry7b.o(.ARM.Collect$$$$00000008)
    .ARM.Collect$$$$0000000A                 0x080001a8   Section        0  entry8b.o(.ARM.Collect$$$$0000000A)
    .ARM.Collect$$$$0000000B                 0x080001a8   Section        8  entry9a.o(.ARM.Collect$$$$0000000B)
    __lit__00000000                          0x080001b0   Data           4  entry2.o(.ARM.Collect$$$$00002712)
    .ARM.Collect$$$$0000000D                 0x080001b0   Section        0  entry10a.o(.ARM.Collect$$$$0000000D)
    .ARM.Collect$$$$0000000F                 0x080001b0   Section        0  entry11a.o(.ARM.Collect$$$$0000000F)
    .ARM.Collect$$$$00002712                 0x080001b0   Section        4  entry2.o(.ARM.Collect$$$$00002712)
    $v0                                      0x080001b4   Number         0  startup_gd32e50x_hd.o(.text)
    .text                                    0x080001b4   Section       36  startup_gd32e50x_hd.o(.text)
    .text                                    0x080001d8   Section        0  uidiv.o(.text)
    .text                                    0x08000204   Section        0  uldiv.o(.text)
    .text                                    0x08000266   Section        0  iusefp.o(.text)
    .text                                    0x08000266   Section        0  dadd.o(.text)
    .text                                    0x080003b4   Section        0  dmul.o(.text)
    .text                                    0x08000498   Section        0  ddiv.o(.text)
    .text                                    0x08000576   Section        0  dfixul.o(.text)
    .text                                    0x080005a8   Section       48  cdrcmple.o(.text)
    .text                                    0x080005d8   Section       36  init.o(.text)
    .text                                    0x080005fc   Section        0  llshl.o(.text)
    .text                                    0x0800061a   Section        0  llushr.o(.text)
    .text                                    0x0800063a   Section        0  llsshr.o(.text)
    .text                                    0x0800065e   Section        0  depilogue.o(.text)
    [Anonymous Symbol]                       0x08000718   Section        0  gd32e50x_it.o(.text.BusFault_Handler)
    [Anonymous Symbol]                       0x0800071c   Section        0  gd32e50x_it.o(.text.DebugMon_Handler)
    [Anonymous Symbol]                       0x08000720   Section        0  main.o(.text.GPIO_CTC_SYNC_Init)
    [Anonymous Symbol]                       0x08000754   Section        0  gd32e50x_it.o(.text.HardFault_Handler)
    [Anonymous Symbol]                       0x08000758   Section        0  software_iic_driver.o(.text.IIC_Driver_Read_Single_Data)
    [Anonymous Symbol]                       0x080007c4   Section        0  software_iic_driver.o(.text.IIC_Driver_Write_Single_Data)
    [Anonymous Symbol]                       0x08000820   Section        0  software_iic_driver.o(.text.IIC_Send_Ack)
    [Anonymous Symbol]                       0x08000864   Section        0  software_iic_driver.o(.text.IIC_Start)
    [Anonymous Symbol]                       0x080008d8   Section        0  software_iic_driver.o(.text.IIC_Stop)
    [Anonymous Symbol]                       0x08000944   Section        0  software_iic_driver.o(.text.IIC_Wait_Ack)
    [Anonymous Symbol]                       0x080009c4   Section        0  led_function.o(.text.LED_Check)
    [Anonymous Symbol]                       0x08000a78   Section        0  led_driver.o(.text.LED_Driver_Init)
    [Anonymous Symbol]                       0x08000ac4   Section        0  led_driver.o(.text.LED_Driver_OFF)
    [Anonymous Symbol]                       0x08000b44   Section        0  led_driver.o(.text.LED_Driver_ON)
    [Anonymous Symbol]                       0x08000bc4   Section        0  led_driver.o(.text.LED_Driver_Turn)
    [Anonymous Symbol]                       0x08000cf0   Section        0  gd32e50x_it.o(.text.MemManage_Handler)
    [Anonymous Symbol]                       0x08000cf4   Section        0  gd32e50x_it.o(.text.NMI_Handler)
    [Anonymous Symbol]                       0x08000cf8   Section        0  gd32e50x_it.o(.text.PendSV_Handler)
    [Anonymous Symbol]                       0x08000cfc   Section        0  sw3516p_driver.o(.text.Read_Device_Version)
    [Anonymous Symbol]                       0x08000d2c   Section        0  software_iic_driver.o(.text.Read_IIC_Byte)
    [Anonymous Symbol]                       0x08000df0   Section        0  gd32e50x_it.o(.text.SVC_Handler)
    [Anonymous Symbol]                       0x08000df4   Section        0  sw3516p_driver.o(.text.SW3516P_Get_State)
    [Anonymous Symbol]                       0x08000ec0   Section        0  sw3516p_driver.o(.text.SW3516P_Init)
    [Anonymous Symbol]                       0x08000f38   Section        0  sw3516p_driver.o(.text.SW3516P_Power_Port_Config)
    SysTick_Config                           0x08000f85   Thumb Code    82  systick.o(.text.SysTick_Config)
    [Anonymous Symbol]                       0x08000f84   Section        0  systick.o(.text.SysTick_Config)
    [Anonymous Symbol]                       0x08000fd8   Section        0  gd32e50x_it.o(.text.SysTick_Handler)
    [Anonymous Symbol]                       0x08000fe0   Section        0  system_gd32e50x.o(.text.SystemInit)
    [Anonymous Symbol]                       0x080010cc   Section        0  gd32e50x_it.o(.text.UART4_IRQHandler)
    [Anonymous Symbol]                       0x08001160   Section        0  gd32e50x_it.o(.text.UsageFault_Handler)
    [Anonymous Symbol]                       0x08001164   Section        0  software_iic_driver.o(.text.Write_IIC_Byte)
    __NVIC_SetPriority                       0x0800122d   Thumb Code    66  systick.o(.text.__NVIC_SetPriority)
    [Anonymous Symbol]                       0x0800122c   Section        0  systick.o(.text.__NVIC_SetPriority)
    [Anonymous Symbol]                       0x08001270   Section        0  software_iic_driver.o(.text.delay_10us)
    [Anonymous Symbol]                       0x080012c4   Section        0  systick.o(.text.delay_1ms)
    [Anonymous Symbol]                       0x080012ec   Section        0  systick.o(.text.delay_decrement)
    [Anonymous Symbol]                       0x0800130c   Section        0  main.o(.text.fputc)
    [Anonymous Symbol]                       0x08001340   Section        0  gd32e50x_gpio.o(.text.gpio_afio_port_config)
    [Anonymous Symbol]                       0x080013e4   Section        0  gd32e50x_gpio.o(.text.gpio_bit_reset)
    [Anonymous Symbol]                       0x080013f4   Section        0  gd32e50x_gpio.o(.text.gpio_bit_set)
    [Anonymous Symbol]                       0x08001404   Section        0  gd32e50x_gpio.o(.text.gpio_bit_write)
    [Anonymous Symbol]                       0x0800142c   Section        0  gd32e50x_gpio.o(.text.gpio_init)
    [Anonymous Symbol]                       0x080015b0   Section        0  gd32e50x_gpio.o(.text.gpio_input_bit_get)
    [Anonymous Symbol]                       0x080015dc   Section        0  gd32e50x_gpio.o(.text.gpio_output_bit_get)
    [Anonymous Symbol]                       0x08001608   Section        0  main.o(.text.main)
    [Anonymous Symbol]                       0x0800167c   Section        0  gd32e50x_misc.o(.text.nvic_irq_enable)
    [Anonymous Symbol]                       0x080017a8   Section        0  gd32e50x_misc.o(.text.nvic_priority_group_set)
    [Anonymous Symbol]                       0x080017c4   Section        0  gd32e50x_misc.o(.text.nvic_vector_table_set)
    [Anonymous Symbol]                       0x080017ec   Section        0  gd32e50x_rcu.o(.text.rcu_ckout0_config)
    [Anonymous Symbol]                       0x08001810   Section        0  gd32e50x_rcu.o(.text.rcu_clock_freq_get)
    [Anonymous Symbol]                       0x08001a7c   Section        0  gd32e50x_rcu.o(.text.rcu_periph_clock_enable)
    [Anonymous Symbol]                       0x08001aa4   Section        0  gd32e50x_rcu.o(.text.rcu_periph_reset_disable)
    [Anonymous Symbol]                       0x08001acc   Section        0  gd32e50x_rcu.o(.text.rcu_periph_reset_enable)
    [Anonymous Symbol]                       0x08001af4   Section        0  software_iic_driver.o(.text.software_iic_Init)
    system_clock_180m_hxtal                  0x08001b35   Thumb Code   402  system_gd32e50x.o(.text.system_clock_180m_hxtal)
    [Anonymous Symbol]                       0x08001b34   Section        0  system_gd32e50x.o(.text.system_clock_180m_hxtal)
    system_clock_config                      0x08001cc9   Thumb Code     8  system_gd32e50x.o(.text.system_clock_config)
    [Anonymous Symbol]                       0x08001cc8   Section        0  system_gd32e50x.o(.text.system_clock_config)
    [Anonymous Symbol]                       0x08001cd0   Section        0  systick.o(.text.systick_config)
    [Anonymous Symbol]                       0x08001d04   Section        0  gd32e50x_usart.o(.text.usart_baudrate_set)
    usart_config                             0x08001e91   Thumb Code   146  main.o(.text.usart_config)
    [Anonymous Symbol]                       0x08001e90   Section        0  main.o(.text.usart_config)
    [Anonymous Symbol]                       0x08001f24   Section        0  gd32e50x_usart.o(.text.usart_data_receive)
    [Anonymous Symbol]                       0x08001f5c   Section        0  gd32e50x_usart.o(.text.usart_data_transmit)
    [Anonymous Symbol]                       0x08001f94   Section        0  gd32e50x_usart.o(.text.usart_deinit)
    [Anonymous Symbol]                       0x08002070   Section        0  gd32e50x_usart.o(.text.usart_enable)
    [Anonymous Symbol]                       0x080020a0   Section        0  gd32e50x_usart.o(.text.usart_flag_get)
    [Anonymous Symbol]                       0x080020dc   Section        0  gd32e50x_usart.o(.text.usart_interrupt_disable)
    [Anonymous Symbol]                       0x08002100   Section        0  gd32e50x_usart.o(.text.usart_interrupt_enable)
    [Anonymous Symbol]                       0x08002124   Section        0  gd32e50x_usart.o(.text.usart_interrupt_flag_get)
    [Anonymous Symbol]                       0x08002184   Section        0  gd32e50x_usart.o(.text.usart_parity_config)
    [Anonymous Symbol]                       0x080021dc   Section        0  gd32e50x_usart.o(.text.usart_receive_config)
    [Anonymous Symbol]                       0x08002240   Section        0  gd32e50x_usart.o(.text.usart_stop_bit_set)
    [Anonymous Symbol]                       0x08002298   Section        0  gd32e50x_usart.o(.text.usart_transmit_config)
    [Anonymous Symbol]                       0x080022fc   Section        0  gd32e50x_usart.o(.text.usart_word_length_set)
    i.__0printf                              0x08002354   Section        0  printfa.o(i.__0printf)
    i.__scatterload_copy                     0x08002374   Section       14  handlers.o(i.__scatterload_copy)
    i.__scatterload_null                     0x08002382   Section        2  handlers.o(i.__scatterload_null)
    i.__scatterload_zeroinit                 0x08002384   Section       14  handlers.o(i.__scatterload_zeroinit)
    _fp_digits                               0x08002395   Thumb Code   366  printfa.o(i._fp_digits)
    i._fp_digits                             0x08002394   Section        0  printfa.o(i._fp_digits)
    _printf_core                             0x08002519   Thumb Code  1744  printfa.o(i._printf_core)
    i._printf_core                           0x08002518   Section        0  printfa.o(i._printf_core)
    _printf_post_padding                     0x08002bf5   Thumb Code    36  printfa.o(i._printf_post_padding)
    i._printf_post_padding                   0x08002bf4   Section        0  printfa.o(i._printf_post_padding)
    _printf_pre_padding                      0x08002c19   Thumb Code    46  printfa.o(i._printf_pre_padding)
    i._printf_pre_padding                    0x08002c18   Section        0  printfa.o(i._printf_pre_padding)
    .L.str                                   0x08002c46   Data          14  main.o(.rodata.str1.1)
    [Anonymous Symbol]                       0x08002c46   Section        0  main.o(.rodata.str1.1)
    .L.str.1                                 0x08002c54   Data          25  software_iic_driver.o(.rodata.str1.1)
    [Anonymous Symbol]                       0x08002c54   Section        0  software_iic_driver.o(.rodata.str1.1)
    .L.str                                   0x08002c6d   Data          25  software_iic_driver.o(.rodata.str1.1)
    .L.str                                   0x08002c86   Data          21  sw3516p_driver.o(.rodata.str1.1)
    [Anonymous Symbol]                       0x08002c86   Section        0  sw3516p_driver.o(.rodata.str1.1)
    .L.str.1                                 0x08002c9b   Data          33  sw3516p_driver.o(.rodata.str1.1)
    .data                                    0x20000000   Section        4  stdout.o(.data)
    delay                                    0x20000034   Data           4  systick.o(.bss.delay)
    [Anonymous Symbol]                       0x20000034   Section        0  systick.o(.bss.delay)
    STACK                                    0x20000140   Section     1024  startup_gd32e50x_hd.o(STACK)

    Global Symbols

    Symbol Name                              Value     Ov Type        Size  Object(Section)

    BuildAttributes$$THM_ISAv4$P$D$K$B$S$8M$VFPi5$EXTD16$VFPS$VFMA$PE$A:L22UL41UL21$X:L11$S22US41US21$IEEE1$IW$~IW$USESV6$~STKCKD$USESV7$~SHL$OSPACE$ROPI$EBA8$MICROLIB$REQ8$PRES8$EABIv2 0x00000000   Number         0  anon$$obj.o ABSOLUTE
    __cpp_initialize__aeabi_                  - Undefined Weak Reference
    __cxa_finalize                            - Undefined Weak Reference
    __decompress                              - Undefined Weak Reference
    _clock_init                               - Undefined Weak Reference
    _microlib_exit                            - Undefined Weak Reference
    __Vectors_Size                           0x000001a0   Number         0  startup_gd32e50x_hd.o ABSOLUTE
    __Vectors                                0x08000000   Data           4  startup_gd32e50x_hd.o(RESET)
    __Vectors_End                            0x080001a0   Data           0  startup_gd32e50x_hd.o(RESET)
    __main                                   0x080001a1   Thumb Code     0  entry.o(.ARM.Collect$$$$00000000)
    _main_stk                                0x080001a1   Thumb Code     0  entry2.o(.ARM.Collect$$$$00000001)
    _main_scatterload                        0x080001a5   Thumb Code     0  entry5.o(.ARM.Collect$$$$00000004)
    __main_after_scatterload                 0x080001a9   Thumb Code     0  entry5.o(.ARM.Collect$$$$00000004)
    _main_clock                              0x080001a9   Thumb Code     0  entry7b.o(.ARM.Collect$$$$00000008)
    _main_cpp_init                           0x080001a9   Thumb Code     0  entry8b.o(.ARM.Collect$$$$0000000A)
    _main_init                               0x080001a9   Thumb Code     0  entry9a.o(.ARM.Collect$$$$0000000B)
    __rt_final_cpp                           0x080001b1   Thumb Code     0  entry10a.o(.ARM.Collect$$$$0000000D)
    __rt_final_exit                          0x080001b1   Thumb Code     0  entry11a.o(.ARM.Collect$$$$0000000F)
    Reset_Handler                            0x080001b5   Thumb Code     8  startup_gd32e50x_hd.o(.text)
    ADC0_1_IRQHandler                        0x080001cf   Thumb Code     0  startup_gd32e50x_hd.o(.text)
    ADC2_IRQHandler                          0x080001cf   Thumb Code     0  startup_gd32e50x_hd.o(.text)
    CAN0_EWMC_IRQHandler                     0x080001cf   Thumb Code     0  startup_gd32e50x_hd.o(.text)
    CAN0_RX1_IRQHandler                      0x080001cf   Thumb Code     0  startup_gd32e50x_hd.o(.text)
    CAN1_EWMC_IRQHandler                     0x080001cf   Thumb Code     0  startup_gd32e50x_hd.o(.text)
    CAN1_RX0_IRQHandler                      0x080001cf   Thumb Code     0  startup_gd32e50x_hd.o(.text)
    CAN1_RX1_IRQHandler                      0x080001cf   Thumb Code     0  startup_gd32e50x_hd.o(.text)
    CAN1_TX_IRQHandler                       0x080001cf   Thumb Code     0  startup_gd32e50x_hd.o(.text)
    DMA0_Channel0_IRQHandler                 0x080001cf   Thumb Code     0  startup_gd32e50x_hd.o(.text)
    DMA0_Channel1_IRQHandler                 0x080001cf   Thumb Code     0  startup_gd32e50x_hd.o(.text)
    DMA0_Channel2_IRQHandler                 0x080001cf   Thumb Code     0  startup_gd32e50x_hd.o(.text)
    DMA0_Channel3_IRQHandler                 0x080001cf   Thumb Code     0  startup_gd32e50x_hd.o(.text)
    DMA0_Channel4_IRQHandler                 0x080001cf   Thumb Code     0  startup_gd32e50x_hd.o(.text)
    DMA0_Channel5_IRQHandler                 0x080001cf   Thumb Code     0  startup_gd32e50x_hd.o(.text)
    DMA0_Channel6_IRQHandler                 0x080001cf   Thumb Code     0  startup_gd32e50x_hd.o(.text)
    DMA1_Channel0_IRQHandler                 0x080001cf   Thumb Code     0  startup_gd32e50x_hd.o(.text)
    DMA1_Channel1_IRQHandler                 0x080001cf   Thumb Code     0  startup_gd32e50x_hd.o(.text)
    DMA1_Channel2_IRQHandler                 0x080001cf   Thumb Code     0  startup_gd32e50x_hd.o(.text)
    DMA1_Channel3_4_IRQHandler               0x080001cf   Thumb Code     0  startup_gd32e50x_hd.o(.text)
    EXMC_IRQHandler                          0x080001cf   Thumb Code     0  startup_gd32e50x_hd.o(.text)
    EXTI0_IRQHandler                         0x080001cf   Thumb Code     0  startup_gd32e50x_hd.o(.text)
    EXTI10_15_IRQHandler                     0x080001cf   Thumb Code     0  startup_gd32e50x_hd.o(.text)
    EXTI1_IRQHandler                         0x080001cf   Thumb Code     0  startup_gd32e50x_hd.o(.text)
    EXTI2_IRQHandler                         0x080001cf   Thumb Code     0  startup_gd32e50x_hd.o(.text)
    EXTI3_IRQHandler                         0x080001cf   Thumb Code     0  startup_gd32e50x_hd.o(.text)
    EXTI4_IRQHandler                         0x080001cf   Thumb Code     0  startup_gd32e50x_hd.o(.text)
    EXTI5_9_IRQHandler                       0x080001cf   Thumb Code     0  startup_gd32e50x_hd.o(.text)
    FMC_IRQHandler                           0x080001cf   Thumb Code     0  startup_gd32e50x_hd.o(.text)
    I2C0_ER_IRQHandler                       0x080001cf   Thumb Code     0  startup_gd32e50x_hd.o(.text)
    I2C0_EV_IRQHandler                       0x080001cf   Thumb Code     0  startup_gd32e50x_hd.o(.text)
    I2C1_ER_IRQHandler                       0x080001cf   Thumb Code     0  startup_gd32e50x_hd.o(.text)
    I2C1_EV_IRQHandler                       0x080001cf   Thumb Code     0  startup_gd32e50x_hd.o(.text)
    I2C2_ER_IRQHandler                       0x080001cf   Thumb Code     0  startup_gd32e50x_hd.o(.text)
    I2C2_EV_IRQHandler                       0x080001cf   Thumb Code     0  startup_gd32e50x_hd.o(.text)
    I2C2_WKUP_IRQHandler                     0x080001cf   Thumb Code     0  startup_gd32e50x_hd.o(.text)
    LVD_IRQHandler                           0x080001cf   Thumb Code     0  startup_gd32e50x_hd.o(.text)
    RCU_CTC_IRQHandler                       0x080001cf   Thumb Code     0  startup_gd32e50x_hd.o(.text)
    RTC_Alarm_IRQHandler                     0x080001cf   Thumb Code     0  startup_gd32e50x_hd.o(.text)
    RTC_IRQHandler                           0x080001cf   Thumb Code     0  startup_gd32e50x_hd.o(.text)
    SDIO_IRQHandler                          0x080001cf   Thumb Code     0  startup_gd32e50x_hd.o(.text)
    SHRTIMER_IRQ0_IRQHandler                 0x080001cf   Thumb Code     0  startup_gd32e50x_hd.o(.text)
    SHRTIMER_IRQ1_IRQHandler                 0x080001cf   Thumb Code     0  startup_gd32e50x_hd.o(.text)
    SHRTIMER_IRQ2_IRQHandler                 0x080001cf   Thumb Code     0  startup_gd32e50x_hd.o(.text)
    SHRTIMER_IRQ3_IRQHandler                 0x080001cf   Thumb Code     0  startup_gd32e50x_hd.o(.text)
    SHRTIMER_IRQ4_IRQHandler                 0x080001cf   Thumb Code     0  startup_gd32e50x_hd.o(.text)
    SHRTIMER_IRQ5_IRQHandler                 0x080001cf   Thumb Code     0  startup_gd32e50x_hd.o(.text)
    SHRTIMER_IRQ6_IRQHandler                 0x080001cf   Thumb Code     0  startup_gd32e50x_hd.o(.text)
    SPI0_IRQHandler                          0x080001cf   Thumb Code     0  startup_gd32e50x_hd.o(.text)
    SPI1_I2S1ADD_IRQHandler                  0x080001cf   Thumb Code     0  startup_gd32e50x_hd.o(.text)
    SPI2_I2S2ADD_IRQHandler                  0x080001cf   Thumb Code     0  startup_gd32e50x_hd.o(.text)
    TAMPER_IRQHandler                        0x080001cf   Thumb Code     0  startup_gd32e50x_hd.o(.text)
    TIMER0_BRK_TIMER8_IRQHandler             0x080001cf   Thumb Code     0  startup_gd32e50x_hd.o(.text)
    TIMER0_Channel_IRQHandler                0x080001cf   Thumb Code     0  startup_gd32e50x_hd.o(.text)
    TIMER0_TRG_CMT_TIMER10_IRQHandler        0x080001cf   Thumb Code     0  startup_gd32e50x_hd.o(.text)
    TIMER0_UP_TIMER9_IRQHandler              0x080001cf   Thumb Code     0  startup_gd32e50x_hd.o(.text)
    TIMER1_IRQHandler                        0x080001cf   Thumb Code     0  startup_gd32e50x_hd.o(.text)
    TIMER2_IRQHandler                        0x080001cf   Thumb Code     0  startup_gd32e50x_hd.o(.text)
    TIMER3_IRQHandler                        0x080001cf   Thumb Code     0  startup_gd32e50x_hd.o(.text)
    TIMER4_IRQHandler                        0x080001cf   Thumb Code     0  startup_gd32e50x_hd.o(.text)
    TIMER5_DAC_IRQHandler                    0x080001cf   Thumb Code     0  startup_gd32e50x_hd.o(.text)
    TIMER6_IRQHandler                        0x080001cf   Thumb Code     0  startup_gd32e50x_hd.o(.text)
    TIMER7_BRK_TIMER11_IRQHandler            0x080001cf   Thumb Code     0  startup_gd32e50x_hd.o(.text)
    TIMER7_Channel_IRQHandler                0x080001cf   Thumb Code     0  startup_gd32e50x_hd.o(.text)
    TIMER7_TRG_CMT_TIMER13_IRQHandler        0x080001cf   Thumb Code     0  startup_gd32e50x_hd.o(.text)
    TIMER7_UP_TIMER12_IRQHandler             0x080001cf   Thumb Code     0  startup_gd32e50x_hd.o(.text)
    UART3_IRQHandler                         0x080001cf   Thumb Code     0  startup_gd32e50x_hd.o(.text)
    USART0_IRQHandler                        0x080001cf   Thumb Code     0  startup_gd32e50x_hd.o(.text)
    USART1_IRQHandler                        0x080001cf   Thumb Code     0  startup_gd32e50x_hd.o(.text)
    USART2_IRQHandler                        0x080001cf   Thumb Code     0  startup_gd32e50x_hd.o(.text)
    USART5_IRQHandler                        0x080001cf   Thumb Code     0  startup_gd32e50x_hd.o(.text)
    USART5_WKUP_IRQHandler                   0x080001cf   Thumb Code     0  startup_gd32e50x_hd.o(.text)
    USBD_HP_CAN0_TX_IRQHandler               0x080001cf   Thumb Code     0  startup_gd32e50x_hd.o(.text)
    USBD_LP_CAN0_RX0_IRQHandler              0x080001cf   Thumb Code     0  startup_gd32e50x_hd.o(.text)
    USBD_WKUP_IRQHandler                     0x080001cf   Thumb Code     0  startup_gd32e50x_hd.o(.text)
    WWDGT_IRQHandler                         0x080001cf   Thumb Code     0  startup_gd32e50x_hd.o(.text)
    __aeabi_uidiv                            0x080001d9   Thumb Code     0  uidiv.o(.text)
    __aeabi_uidivmod                         0x080001d9   Thumb Code    44  uidiv.o(.text)
    __aeabi_uldivmod                         0x08000205   Thumb Code    98  uldiv.o(.text)
    __I$use$fp                               0x08000267   Thumb Code     0  iusefp.o(.text)
    __aeabi_dadd                             0x08000267   Thumb Code   322  dadd.o(.text)
    __aeabi_dsub                             0x080003a9   Thumb Code     6  dadd.o(.text)
    __aeabi_drsub                            0x080003af   Thumb Code     6  dadd.o(.text)
    __aeabi_dmul                             0x080003b5   Thumb Code   228  dmul.o(.text)
    __aeabi_ddiv                             0x08000499   Thumb Code   222  ddiv.o(.text)
    __aeabi_d2ulz                            0x08000577   Thumb Code    48  dfixul.o(.text)
    __aeabi_cdrcmple                         0x080005a9   Thumb Code    48  cdrcmple.o(.text)
    __scatterload                            0x080005d9   Thumb Code    28  init.o(.text)
    __scatterload_rt2                        0x080005d9   Thumb Code     0  init.o(.text)
    __aeabi_llsl                             0x080005fd   Thumb Code    30  llshl.o(.text)
    _ll_shift_l                              0x080005fd   Thumb Code     0  llshl.o(.text)
    __aeabi_llsr                             0x0800061b   Thumb Code    32  llushr.o(.text)
    _ll_ushift_r                             0x0800061b   Thumb Code     0  llushr.o(.text)
    __aeabi_lasr                             0x0800063b   Thumb Code    36  llsshr.o(.text)
    _ll_sshift_r                             0x0800063b   Thumb Code     0  llsshr.o(.text)
    _double_round                            0x0800065f   Thumb Code    30  depilogue.o(.text)
    _double_epilogue                         0x0800067d   Thumb Code   156  depilogue.o(.text)
    BusFault_Handler                         0x08000719   Thumb Code     4  gd32e50x_it.o(.text.BusFault_Handler)
    DebugMon_Handler                         0x0800071d   Thumb Code     4  gd32e50x_it.o(.text.DebugMon_Handler)
    GPIO_CTC_SYNC_Init                       0x08000721   Thumb Code    50  main.o(.text.GPIO_CTC_SYNC_Init)
    HardFault_Handler                        0x08000755   Thumb Code     4  gd32e50x_it.o(.text.HardFault_Handler)
    IIC_Driver_Read_Single_Data              0x08000759   Thumb Code   108  software_iic_driver.o(.text.IIC_Driver_Read_Single_Data)
    IIC_Driver_Write_Single_Data             0x080007c5   Thumb Code    90  software_iic_driver.o(.text.IIC_Driver_Write_Single_Data)
    IIC_Send_Ack                             0x08000821   Thumb Code    68  software_iic_driver.o(.text.IIC_Send_Ack)
    IIC_Start                                0x08000865   Thumb Code   114  software_iic_driver.o(.text.IIC_Start)
    IIC_Stop                                 0x080008d9   Thumb Code   108  software_iic_driver.o(.text.IIC_Stop)
    IIC_Wait_Ack                             0x08000945   Thumb Code   126  software_iic_driver.o(.text.IIC_Wait_Ack)
    LED_Check                                0x080009c5   Thumb Code   180  led_function.o(.text.LED_Check)
    LED_Driver_Init                          0x08000a79   Thumb Code    74  led_driver.o(.text.LED_Driver_Init)
    LED_Driver_OFF                           0x08000ac5   Thumb Code   128  led_driver.o(.text.LED_Driver_OFF)
    LED_Driver_ON                            0x08000b45   Thumb Code   128  led_driver.o(.text.LED_Driver_ON)
    LED_Driver_Turn                          0x08000bc5   Thumb Code   300  led_driver.o(.text.LED_Driver_Turn)
    MemManage_Handler                        0x08000cf1   Thumb Code     4  gd32e50x_it.o(.text.MemManage_Handler)
    NMI_Handler                              0x08000cf5   Thumb Code     4  gd32e50x_it.o(.text.NMI_Handler)
    PendSV_Handler                           0x08000cf9   Thumb Code     4  gd32e50x_it.o(.text.PendSV_Handler)
    Read_Device_Version                      0x08000cfd   Thumb Code    46  sw3516p_driver.o(.text.Read_Device_Version)
    Read_IIC_Byte                            0x08000d2d   Thumb Code   196  software_iic_driver.o(.text.Read_IIC_Byte)
    SVC_Handler                              0x08000df1   Thumb Code     4  gd32e50x_it.o(.text.SVC_Handler)
    SW3516P_Get_State                        0x08000df5   Thumb Code   204  sw3516p_driver.o(.text.SW3516P_Get_State)
    SW3516P_Init                             0x08000ec1   Thumb Code   120  sw3516p_driver.o(.text.SW3516P_Init)
    SW3516P_Power_Port_Config                0x08000f39   Thumb Code    74  sw3516p_driver.o(.text.SW3516P_Power_Port_Config)
    SysTick_Handler                          0x08000fd9   Thumb Code     8  gd32e50x_it.o(.text.SysTick_Handler)
    SystemInit                               0x08000fe1   Thumb Code   236  system_gd32e50x.o(.text.SystemInit)
    UART4_IRQHandler                         0x080010cd   Thumb Code   146  gd32e50x_it.o(.text.UART4_IRQHandler)
    UsageFault_Handler                       0x08001161   Thumb Code     4  gd32e50x_it.o(.text.UsageFault_Handler)
    Write_IIC_Byte                           0x08001165   Thumb Code   198  software_iic_driver.o(.text.Write_IIC_Byte)
    delay_10us                               0x08001271   Thumb Code    84  software_iic_driver.o(.text.delay_10us)
    delay_1ms                                0x080012c5   Thumb Code    38  systick.o(.text.delay_1ms)
    delay_decrement                          0x080012ed   Thumb Code    32  systick.o(.text.delay_decrement)
    fputc                                    0x0800130d   Thumb Code    52  main.o(.text.fputc)
    gpio_afio_port_config                    0x08001341   Thumb Code   164  gd32e50x_gpio.o(.text.gpio_afio_port_config)
    gpio_bit_reset                           0x080013e5   Thumb Code    16  gd32e50x_gpio.o(.text.gpio_bit_reset)
    gpio_bit_set                             0x080013f5   Thumb Code    16  gd32e50x_gpio.o(.text.gpio_bit_set)
    gpio_bit_write                           0x08001405   Thumb Code    38  gd32e50x_gpio.o(.text.gpio_bit_write)
    gpio_init                                0x0800142d   Thumb Code   388  gd32e50x_gpio.o(.text.gpio_init)
    gpio_input_bit_get                       0x080015b1   Thumb Code    42  gd32e50x_gpio.o(.text.gpio_input_bit_get)
    gpio_output_bit_get                      0x080015dd   Thumb Code    42  gd32e50x_gpio.o(.text.gpio_output_bit_get)
    main                                     0x08001609   Thumb Code   116  main.o(.text.main)
    nvic_irq_enable                          0x0800167d   Thumb Code   298  gd32e50x_misc.o(.text.nvic_irq_enable)
    nvic_priority_group_set                  0x080017a9   Thumb Code    28  gd32e50x_misc.o(.text.nvic_priority_group_set)
    nvic_vector_table_set                    0x080017c5   Thumb Code    40  gd32e50x_misc.o(.text.nvic_vector_table_set)
    rcu_ckout0_config                        0x080017ed   Thumb Code    36  gd32e50x_rcu.o(.text.rcu_ckout0_config)
    rcu_clock_freq_get                       0x08001811   Thumb Code   620  gd32e50x_rcu.o(.text.rcu_clock_freq_get)
    rcu_periph_clock_enable                  0x08001a7d   Thumb Code    40  gd32e50x_rcu.o(.text.rcu_periph_clock_enable)
    rcu_periph_reset_disable                 0x08001aa5   Thumb Code    40  gd32e50x_rcu.o(.text.rcu_periph_reset_disable)
    rcu_periph_reset_enable                  0x08001acd   Thumb Code    40  gd32e50x_rcu.o(.text.rcu_periph_reset_enable)
    software_iic_Init                        0x08001af5   Thumb Code    64  software_iic_driver.o(.text.software_iic_Init)
    systick_config                           0x08001cd1   Thumb Code    50  systick.o(.text.systick_config)
    usart_baudrate_set                       0x08001d05   Thumb Code   394  gd32e50x_usart.o(.text.usart_baudrate_set)
    usart_data_receive                       0x08001f25   Thumb Code    56  gd32e50x_usart.o(.text.usart_data_receive)
    usart_data_transmit                      0x08001f5d   Thumb Code    56  gd32e50x_usart.o(.text.usart_data_transmit)
    usart_deinit                             0x08001f95   Thumb Code   218  gd32e50x_usart.o(.text.usart_deinit)
    usart_enable                             0x08002071   Thumb Code    48  gd32e50x_usart.o(.text.usart_enable)
    usart_flag_get                           0x080020a1   Thumb Code    58  gd32e50x_usart.o(.text.usart_flag_get)
    usart_interrupt_disable                  0x080020dd   Thumb Code    36  gd32e50x_usart.o(.text.usart_interrupt_disable)
    usart_interrupt_enable                   0x08002101   Thumb Code    36  gd32e50x_usart.o(.text.usart_interrupt_enable)
    usart_interrupt_flag_get                 0x08002125   Thumb Code    94  gd32e50x_usart.o(.text.usart_interrupt_flag_get)
    usart_parity_config                      0x08002185   Thumb Code    88  gd32e50x_usart.o(.text.usart_parity_config)
    usart_receive_config                     0x080021dd   Thumb Code    98  gd32e50x_usart.o(.text.usart_receive_config)
    usart_stop_bit_set                       0x08002241   Thumb Code    88  gd32e50x_usart.o(.text.usart_stop_bit_set)
    usart_transmit_config                    0x08002299   Thumb Code    98  gd32e50x_usart.o(.text.usart_transmit_config)
    usart_word_length_set                    0x080022fd   Thumb Code    88  gd32e50x_usart.o(.text.usart_word_length_set)
    __0printf                                0x08002355   Thumb Code    22  printfa.o(i.__0printf)
    __1printf                                0x08002355   Thumb Code     0  printfa.o(i.__0printf)
    __2printf                                0x08002355   Thumb Code     0  printfa.o(i.__0printf)
    __c89printf                              0x08002355   Thumb Code     0  printfa.o(i.__0printf)
    printf                                   0x08002355   Thumb Code     0  printfa.o(i.__0printf)
    __scatterload_copy                       0x08002375   Thumb Code    14  handlers.o(i.__scatterload_copy)
    __scatterload_null                       0x08002383   Thumb Code     2  handlers.o(i.__scatterload_null)
    __scatterload_zeroinit                   0x08002385   Thumb Code    14  handlers.o(i.__scatterload_zeroinit)
    Region$$Table$$Base                      0x08002cbc   Number         0  anon$$obj.o(Region$$Table)
    Region$$Table$$Limit                     0x08002cdc   Number         0  anon$$obj.o(Region$$Table)
    __stdout                                 0x20000000   Data           4  stdout.o(.data)
    LED_Function_List                        0x20000004   Data          16  led_function.o(.data.LED_Function_List)
    SystemCoreClock                          0x20000014   Data           4  system_gd32e50x.o(.data.SystemCoreClock)
    rx_buffer_size                           0x20000018   Data           4  main.o(.data.rx_buffer_size)
    SW3516P_Driver                           0x20000020   Data          20  sw3516p_driver.o(.bss.SW3516P_Driver)
    rx_buffer                                0x20000038   Data         256  main.o(.bss.rx_buffer)
    rx_count                                 0x20000138   Data           2  main.o(.bss.rx_count)
    __initial_sp                             0x20000540   Data           0  startup_gd32e50x_hd.o(STACK)



==============================================================================

Memory Map of the image

  Image Entry point : 0x080001a1

  Load Region LR_IROM1 (Base: 0x08000000, Size: 0x00002d00, Max: 0x00080000, ABSOLUTE)

    Execution Region ER_IROM1 (Exec base: 0x08000000, Load base: 0x08000000, Size: 0x00002cdc, Max: 0x00080000, ABSOLUTE)

    Exec Addr    Load Addr    Size         Type   Attr      Idx    E Section Name        Object

    0x08000000   0x08000000   0x000001a0   Data   RO         1918    RESET               startup_gd32e50x_hd.o
    0x080001a0   0x080001a0   0x00000000   Code   RO         2064  * .ARM.Collect$$$$00000000  mc_w.l(entry.o)
    0x080001a0   0x080001a0   0x00000004   Code   RO         2095    .ARM.Collect$$$$00000001  mc_w.l(entry2.o)
    0x080001a4   0x080001a4   0x00000004   Code   RO         2098    .ARM.Collect$$$$00000004  mc_w.l(entry5.o)
    0x080001a8   0x080001a8   0x00000000   Code   RO         2100    .ARM.Collect$$$$00000008  mc_w.l(entry7b.o)
    0x080001a8   0x080001a8   0x00000000   Code   RO         2102    .ARM.Collect$$$$0000000A  mc_w.l(entry8b.o)
    0x080001a8   0x080001a8   0x00000008   Code   RO         2103    .ARM.Collect$$$$0000000B  mc_w.l(entry9a.o)
    0x080001b0   0x080001b0   0x00000000   Code   RO         2105    .ARM.Collect$$$$0000000D  mc_w.l(entry10a.o)
    0x080001b0   0x080001b0   0x00000000   Code   RO         2107    .ARM.Collect$$$$0000000F  mc_w.l(entry11a.o)
    0x080001b0   0x080001b0   0x00000004   Code   RO         2096    .ARM.Collect$$$$00002712  mc_w.l(entry2.o)
    0x080001b4   0x080001b4   0x00000024   Code   RO         1919    .text               startup_gd32e50x_hd.o
    0x080001d8   0x080001d8   0x0000002c   Code   RO         2119    .text               mc_w.l(uidiv.o)
    0x08000204   0x08000204   0x00000062   Code   RO         2121    .text               mc_w.l(uldiv.o)
    0x08000266   0x08000266   0x00000000   Code   RO         2123    .text               mc_w.l(iusefp.o)
    0x08000266   0x08000266   0x0000014e   Code   RO         2124    .text               mf_w.l(dadd.o)
    0x080003b4   0x080003b4   0x000000e4   Code   RO         2126    .text               mf_w.l(dmul.o)
    0x08000498   0x08000498   0x000000de   Code   RO         2128    .text               mf_w.l(ddiv.o)
    0x08000576   0x08000576   0x00000030   Code   RO         2130    .text               mf_w.l(dfixul.o)
    0x080005a6   0x080005a6   0x00000002   PAD
    0x080005a8   0x080005a8   0x00000030   Code   RO         2132    .text               mf_w.l(cdrcmple.o)
    0x080005d8   0x080005d8   0x00000024   Code   RO         2134    .text               mc_w.l(init.o)
    0x080005fc   0x080005fc   0x0000001e   Code   RO         2136    .text               mc_w.l(llshl.o)
    0x0800061a   0x0800061a   0x00000020   Code   RO         2138    .text               mc_w.l(llushr.o)
    0x0800063a   0x0800063a   0x00000024   Code   RO         2140    .text               mc_w.l(llsshr.o)
    0x0800065e   0x0800065e   0x000000ba   Code   RO         2142    .text               mf_w.l(depilogue.o)
    0x08000718   0x08000718   0x00000004   Code   RO           34    .text.BusFault_Handler  gd32e50x_it.o
    0x0800071c   0x0800071c   0x00000004   Code   RO           40    .text.DebugMon_Handler  gd32e50x_it.o
    0x08000720   0x08000720   0x00000032   Code   RO            2    .text.GPIO_CTC_SYNC_Init  main.o
    0x08000752   0x08000752   0x00000002   PAD
    0x08000754   0x08000754   0x00000004   Code   RO           30    .text.HardFault_Handler  gd32e50x_it.o
    0x08000758   0x08000758   0x0000006c   Code   RO         2014    .text.IIC_Driver_Read_Single_Data  software_iic_driver.o
    0x080007c4   0x080007c4   0x0000005a   Code   RO         2010    .text.IIC_Driver_Write_Single_Data  software_iic_driver.o
    0x0800081e   0x0800081e   0x00000002   PAD
    0x08000820   0x08000820   0x00000044   Code   RO         2002    .text.IIC_Send_Ack  software_iic_driver.o
    0x08000864   0x08000864   0x00000072   Code   RO         1996    .text.IIC_Start     software_iic_driver.o
    0x080008d6   0x080008d6   0x00000002   PAD
    0x080008d8   0x080008d8   0x0000006c   Code   RO         1998    .text.IIC_Stop      software_iic_driver.o
    0x08000944   0x08000944   0x0000007e   Code   RO         2000    .text.IIC_Wait_Ack  software_iic_driver.o
    0x080009c2   0x080009c2   0x00000002   PAD
    0x080009c4   0x080009c4   0x000000b4   Code   RO         1926    .text.LED_Check     led_function.o
    0x08000a78   0x08000a78   0x0000004a   Code   RO         2030    .text.LED_Driver_Init  led_driver.o
    0x08000ac2   0x08000ac2   0x00000002   PAD
    0x08000ac4   0x08000ac4   0x00000080   Code   RO         2034    .text.LED_Driver_OFF  led_driver.o
    0x08000b44   0x08000b44   0x00000080   Code   RO         2032    .text.LED_Driver_ON  led_driver.o
    0x08000bc4   0x08000bc4   0x0000012c   Code   RO         2036    .text.LED_Driver_Turn  led_driver.o
    0x08000cf0   0x08000cf0   0x00000004   Code   RO           32    .text.MemManage_Handler  gd32e50x_it.o
    0x08000cf4   0x08000cf4   0x00000004   Code   RO           28    .text.NMI_Handler   gd32e50x_it.o
    0x08000cf8   0x08000cf8   0x00000004   Code   RO           42    .text.PendSV_Handler  gd32e50x_it.o
    0x08000cfc   0x08000cfc   0x0000002e   Code   RO         2046    .text.Read_Device_Version  sw3516p_driver.o
    0x08000d2a   0x08000d2a   0x00000002   PAD
    0x08000d2c   0x08000d2c   0x000000c4   Code   RO         2008    .text.Read_IIC_Byte  software_iic_driver.o
    0x08000df0   0x08000df0   0x00000004   Code   RO           38    .text.SVC_Handler   gd32e50x_it.o
    0x08000df4   0x08000df4   0x000000cc   Code   RO         2048    .text.SW3516P_Get_State  sw3516p_driver.o
    0x08000ec0   0x08000ec0   0x00000078   Code   RO         2050    .text.SW3516P_Init  sw3516p_driver.o
    0x08000f38   0x08000f38   0x0000004a   Code   RO         2052    .text.SW3516P_Power_Port_Config  sw3516p_driver.o
    0x08000f82   0x08000f82   0x00000002   PAD
    0x08000f84   0x08000f84   0x00000052   Code   RO           57    .text.SysTick_Config  systick.o
    0x08000fd6   0x08000fd6   0x00000002   PAD
    0x08000fd8   0x08000fd8   0x00000008   Code   RO           44    .text.SysTick_Handler  gd32e50x_it.o
    0x08000fe0   0x08000fe0   0x000000ec   Code   RO           73    .text.SystemInit    system_gd32e50x.o
    0x080010cc   0x080010cc   0x00000092   Code   RO           46    .text.UART4_IRQHandler  gd32e50x_it.o
    0x0800115e   0x0800115e   0x00000002   PAD
    0x08001160   0x08001160   0x00000004   Code   RO           36    .text.UsageFault_Handler  gd32e50x_it.o
    0x08001164   0x08001164   0x000000c6   Code   RO         2006    .text.Write_IIC_Byte  software_iic_driver.o
    0x0800122a   0x0800122a   0x00000002   PAD
    0x0800122c   0x0800122c   0x00000042   Code   RO           59    .text.__NVIC_SetPriority  systick.o
    0x0800126e   0x0800126e   0x00000002   PAD
    0x08001270   0x08001270   0x00000054   Code   RO         1992    .text.delay_10us    software_iic_driver.o
    0x080012c4   0x080012c4   0x00000026   Code   RO           61    .text.delay_1ms     systick.o
    0x080012ea   0x080012ea   0x00000002   PAD
    0x080012ec   0x080012ec   0x00000020   Code   RO           63    .text.delay_decrement  systick.o
    0x0800130c   0x0800130c   0x00000034   Code   RO           10    .text.fputc         main.o
    0x08001340   0x08001340   0x000000a4   Code   RO          741    .text.gpio_afio_port_config  gd32e50x_gpio.o
    0x080013e4   0x080013e4   0x00000010   Code   RO          725    .text.gpio_bit_reset  gd32e50x_gpio.o
    0x080013f4   0x080013f4   0x00000010   Code   RO          723    .text.gpio_bit_set  gd32e50x_gpio.o
    0x08001404   0x08001404   0x00000026   Code   RO          727    .text.gpio_bit_write  gd32e50x_gpio.o
    0x0800142a   0x0800142a   0x00000002   PAD
    0x0800142c   0x0800142c   0x00000184   Code   RO          721    .text.gpio_init     gd32e50x_gpio.o
    0x080015b0   0x080015b0   0x0000002a   Code   RO          731    .text.gpio_input_bit_get  gd32e50x_gpio.o
    0x080015da   0x080015da   0x00000002   PAD
    0x080015dc   0x080015dc   0x0000002a   Code   RO          735    .text.gpio_output_bit_get  gd32e50x_gpio.o
    0x08001606   0x08001606   0x00000002   PAD
    0x08001608   0x08001608   0x00000074   Code   RO            4    .text.main          main.o
    0x0800167c   0x0800167c   0x0000012a   Code   RO          961    .text.nvic_irq_enable  gd32e50x_misc.o
    0x080017a6   0x080017a6   0x00000002   PAD
    0x080017a8   0x080017a8   0x0000001c   Code   RO          959    .text.nvic_priority_group_set  gd32e50x_misc.o
    0x080017c4   0x080017c4   0x00000028   Code   RO          971    .text.nvic_vector_table_set  gd32e50x_misc.o
    0x080017ec   0x080017ec   0x00000024   Code   RO         1063    .text.rcu_ckout0_config  gd32e50x_rcu.o
    0x08001810   0x08001810   0x0000026c   Code   RO         1107    .text.rcu_clock_freq_get  gd32e50x_rcu.o
    0x08001a7c   0x08001a7c   0x00000028   Code   RO         1037    .text.rcu_periph_clock_enable  gd32e50x_rcu.o
    0x08001aa4   0x08001aa4   0x00000028   Code   RO         1047    .text.rcu_periph_reset_disable  gd32e50x_rcu.o
    0x08001acc   0x08001acc   0x00000028   Code   RO         1045    .text.rcu_periph_reset_enable  gd32e50x_rcu.o
    0x08001af4   0x08001af4   0x00000040   Code   RO         1990    .text.software_iic_Init  software_iic_driver.o
    0x08001b34   0x08001b34   0x00000192   Code   RO           79    .text.system_clock_180m_hxtal  system_gd32e50x.o
    0x08001cc6   0x08001cc6   0x00000002   PAD
    0x08001cc8   0x08001cc8   0x00000008   Code   RO           75    .text.system_clock_config  system_gd32e50x.o
    0x08001cd0   0x08001cd0   0x00000032   Code   RO           55    .text.systick_config  systick.o
    0x08001d02   0x08001d02   0x00000002   PAD
    0x08001d04   0x08001d04   0x0000018a   Code   RO         1697    .text.usart_baudrate_set  gd32e50x_usart.o
    0x08001e8e   0x08001e8e   0x00000002   PAD
    0x08001e90   0x08001e90   0x00000092   Code   RO            6    .text.usart_config  main.o
    0x08001f22   0x08001f22   0x00000002   PAD
    0x08001f24   0x08001f24   0x00000038   Code   RO         1725    .text.usart_data_receive  gd32e50x_usart.o
    0x08001f5c   0x08001f5c   0x00000038   Code   RO         1723    .text.usart_data_transmit  gd32e50x_usart.o
    0x08001f94   0x08001f94   0x000000da   Code   RO         1695    .text.usart_deinit  gd32e50x_usart.o
    0x0800206e   0x0800206e   0x00000002   PAD
    0x08002070   0x08002070   0x00000030   Code   RO         1705    .text.usart_enable  gd32e50x_usart.o
    0x080020a0   0x080020a0   0x0000003a   Code   RO         1795    .text.usart_flag_get  gd32e50x_usart.o
    0x080020da   0x080020da   0x00000002   PAD
    0x080020dc   0x080020dc   0x00000024   Code   RO         1801    .text.usart_interrupt_disable  gd32e50x_usart.o
    0x08002100   0x08002100   0x00000024   Code   RO         1799    .text.usart_interrupt_enable  gd32e50x_usart.o
    0x08002124   0x08002124   0x0000005e   Code   RO         1803    .text.usart_interrupt_flag_get  gd32e50x_usart.o
    0x08002182   0x08002182   0x00000002   PAD
    0x08002184   0x08002184   0x00000058   Code   RO         1699    .text.usart_parity_config  gd32e50x_usart.o
    0x080021dc   0x080021dc   0x00000062   Code   RO         1711    .text.usart_receive_config  gd32e50x_usart.o
    0x0800223e   0x0800223e   0x00000002   PAD
    0x08002240   0x08002240   0x00000058   Code   RO         1703    .text.usart_stop_bit_set  gd32e50x_usart.o
    0x08002298   0x08002298   0x00000062   Code   RO         1709    .text.usart_transmit_config  gd32e50x_usart.o
    0x080022fa   0x080022fa   0x00000002   PAD
    0x080022fc   0x080022fc   0x00000058   Code   RO         1701    .text.usart_word_length_set  gd32e50x_usart.o
    0x08002354   0x08002354   0x00000020   Code   RO         2068    i.__0printf         mc_w.l(printfa.o)
    0x08002374   0x08002374   0x0000000e   Code   RO         2146    i.__scatterload_copy  mc_w.l(handlers.o)
    0x08002382   0x08002382   0x00000002   Code   RO         2147    i.__scatterload_null  mc_w.l(handlers.o)
    0x08002384   0x08002384   0x0000000e   Code   RO         2148    i.__scatterload_zeroinit  mc_w.l(handlers.o)
    0x08002392   0x08002392   0x00000002   PAD
    0x08002394   0x08002394   0x00000184   Code   RO         2075    i._fp_digits        mc_w.l(printfa.o)
    0x08002518   0x08002518   0x000006dc   Code   RO         2076    i._printf_core      mc_w.l(printfa.o)
    0x08002bf4   0x08002bf4   0x00000024   Code   RO         2077    i._printf_post_padding  mc_w.l(printfa.o)
    0x08002c18   0x08002c18   0x0000002e   Code   RO         2078    i._printf_pre_padding  mc_w.l(printfa.o)
    0x08002c46   0x08002c46   0x0000000e   Data   RO           18    .rodata.str1.1      main.o
    0x08002c54   0x08002c54   0x00000032   Data   RO         2022    .rodata.str1.1      software_iic_driver.o
    0x08002c86   0x08002c86   0x00000036   Data   RO         2056    .rodata.str1.1      sw3516p_driver.o
    0x08002cbc   0x08002cbc   0x00000020   Data   RO         2145    Region$$Table       anon$$obj.o


    Execution Region RW_IRAM1 (Exec base: 0x20000000, Load base: 0x08002ce0, Size: 0x00000540, Max: 0x00020000, ABSOLUTE)

    Exec Addr    Load Addr    Size         Type   Attr      Idx    E Section Name        Object

    0x20000000   0x08002ce0   0x00000004   Data   RW         2109    .data               mc_w.l(stdout.o)
    0x20000004   0x08002ce4   0x00000010   Data   RW         1928    .data.LED_Function_List  led_function.o
    0x20000014   0x08002cf4   0x00000004   Data   RW           81    .data.SystemCoreClock  system_gd32e50x.o
    0x20000018   0x08002cf8   0x00000004   Data   RW           15    .data.rx_buffer_size  main.o
    0x2000001c   0x08002cfc   0x00000004   PAD
    0x20000020        -       0x00000014   Zero   RW         2057    .bss.SW3516P_Driver  sw3516p_driver.o
    0x20000034        -       0x00000004   Zero   RW           65    .bss.delay          systick.o
    0x20000038        -       0x00000100   Zero   RW           19    .bss.rx_buffer      main.o
    0x20000138        -       0x00000002   Zero   RW           14    .bss.rx_count       main.o
    0x2000013a   0x08002cfc   0x00000006   PAD
    0x20000140        -       0x00000400   Zero   RW         1916    STACK               startup_gd32e50x_hd.o


==============================================================================

Image component sizes


      Code (inc. data)   RO Data    RW Data    ZI Data      Debug   Object Name

       706          0          0          0          0       6036   gd32e50x_gpio.o
       186          0          0          0          0       2207   gd32e50x_it.o
       366          0          0          0          0       5991   gd32e50x_misc.o
       776          6          0          0          0      11986   gd32e50x_rcu.o
      1456          0          0          0          0      17999   gd32e50x_usart.o
       630          0          0          0          0       1398   led_driver.o
       180          0          0         16          0        922   led_function.o
       364          0         14          4        258       5514   main.o
      1156          0         50          0          0       4411   software_iic_driver.o
        36          8        416          0       1024        948   startup_gd32e50x_hd.o
       444          0         54          0         20       2311   sw3516p_driver.o
       646          0          0          4          0       3207   system_gd32e50x.o
       268          0          0          0          4       4880   systick.o

    ----------------------------------------------------------------------
      7264         14        566         24       1316      67810   Object Totals
         0          0         32          0          0          0   (incl. Generated)
        50          0          0          0         10          0   (incl. Padding)

    ----------------------------------------------------------------------

      Code (inc. data)   RO Data    RW Data    ZI Data      Debug   Library Member Name

         0          0          0          0          0          0   entry.o
         0          0          0          0          0          0   entry10a.o
         0          0          0          0          0          0   entry11a.o
         8          4          0          0          0          0   entry2.o
         4          0          0          0          0          0   entry5.o
         0          0          0          0          0          0   entry7b.o
         0          0          0          0          0          0   entry8b.o
         8          4          0          0          0          0   entry9a.o
        30          0          0          0          0          0   handlers.o
        36          8          0          0          0         68   init.o
         0          0          0          0          0          0   iusefp.o
        30          0          0          0          0         68   llshl.o
        36          0          0          0          0         68   llsshr.o
        32          0          0          0          0         68   llushr.o
      2258         90          0          0          0        452   printfa.o
         0          0          0          4          0          0   stdout.o
        44          0          0          0          0         80   uidiv.o
        98          0          0          0          0         92   uldiv.o
        48          0          0          0          0         68   cdrcmple.o
       334          0          0          0          0        148   dadd.o
       222          0          0          0          0        100   ddiv.o
       186          0          0          0          0        176   depilogue.o
        48          0          0          0          0         68   dfixul.o
       228          0          0          0          0         96   dmul.o

    ----------------------------------------------------------------------
      3654        106          0          4          0       1552   Library Totals
         4          0          0          0          0          0   (incl. Padding)

    ----------------------------------------------------------------------

      Code (inc. data)   RO Data    RW Data    ZI Data      Debug   Library Name

      2584        106          0          4          0        896   mc_w.l
      1066          0          0          0          0        656   mf_w.l

    ----------------------------------------------------------------------
      3654        106          0          4          0       1552   Library Totals

    ----------------------------------------------------------------------

==============================================================================


      Code (inc. data)   RO Data    RW Data    ZI Data      Debug   

     10918        120        566         28       1316      68566   Grand Totals
     10918        120        566         28       1316      68566   ELF Image Totals
     10918        120        566         28          0          0   ROM Totals

==============================================================================

    Total RO  Size (Code + RO Data)                11484 (  11.21kB)
    Total RW  Size (RW Data + ZI Data)              1344 (   1.31kB)
    Total ROM Size (Code + RO Data + RW Data)      11512 (  11.24kB)

==============================================================================

