<html>
<body>
<pre>
<h1>礦ision Build Log</h1>
<h2>Tool Versions:</h2>
IDE-Version: μVision V5.36.0.0
Copyright (C) 2021 ARM Ltd and ARM Germany GmbH. All rights reserved.
License Information: T LB 2472686303@qq.com Flex license: MDK Plus 5.36 (Flex): 3 user(s) (mdk_plus) Support: Dec 2022
 
Tool Versions:
Toolchain:       MDK Plus 5.36 (Flex): 3 user(s)  Version: 5.36.0.0
Toolchain Path:  D:\Keil_v5\ARM\ARMCLANG\Bin
C Compiler:      ArmClang.exe V6.16
Assembler:       Armasm.exe V6.16
Linker/Locator:  ArmLink.exe V6.16
Library Manager: ArmAr.exe V6.16
Hex Converter:   FromElf.exe V6.16
CPU DLL:         
Dialog DLL:      
Target DLL:      CMSIS_AGDI_V8M.DLL V1.7.0.0
Dialog DLL:      TCM.DLL V1.53.0.0
 
<h2>Project:</h2>
D:\工作区\项目\GD产品线\Project\PD_Application\GD32E503RET6\MDK-ARM\GD32E503R_START.uvprojx
Project File Date:  11/11/2024

<h2>Output:</h2>
*** Using Compiler 'V6.16', folder: 'D:\Keil_v5\ARM\ARMCLANG\Bin'
Build target 'GD32E503R_START'
compiling sw3516p_driver.c...
linking...
Program Size: Code=9958 RO-data=574 RW-data=12 ZI-data=1332  
FromELF: creating hex file...
".\output\Project.axf" - 0 Error(s), 0 Warning(s).

<h2>Software Packages used:</h2>

Package Vendor: ARM
                http://www.keil.com/pack/ARM.CMSIS.5.8.0.pack
                ARM.CMSIS.5.8.0
                CMSIS (Common Microcontroller Software Interface Standard)
   * Component: CORE Version: 5.5.0

Package Vendor: GigaDevice
                https://gd32mcu.com/data/documents/pack/GigaDevice.GD32E50x_DFP.1.3.2.pack
                GigaDevice.GD32E50x_DFP.1.3.2
                GigaDevice GD32E50x Series Device Support and Examples

<h2>Collection of Component include folders:</h2>
  .\RTE\_GD32E503R_START
  D:\Keil_v5\ARM\CMSIS\5.8.0\CMSIS\Core\Include
  D:\Keil_v5\GigaDevice\GD32E50x_DFP\1.3.2\Device\Include

<h2>Collection of Component Files used:</h2>

   * Component: ARM::CMSIS:CORE:5.5.0
Build Time Elapsed:  00:00:01
</pre>
</body>
</html>
