<html>
<body>
<pre>
<h1>µVision Build Log</h1>
<h2>Tool Versions:</h2>
IDE-Version: ¦ÌVision V5.36.0.0
Copyright (C) 2021 ARM Ltd and ARM Germany GmbH. All rights reserved.
License Information: T LB 2472686303@qq.com Flex license: MDK Plus 5.36 (Flex): 3 user(s) (mdk_plus) Support: Dec 2022
 
Tool Versions:
Toolchain:       MDK Plus 5.36 (Flex): 3 user(s)  Version: 5.36.0.0
Toolchain Path:  D:\Keil_v5\ARM\ARMCLANG\Bin
C Compiler:      ArmClang.exe V6.16
Assembler:       Armasm.exe V6.16
Linker/Locator:  ArmLink.exe V6.16
Library Manager: ArmAr.exe V6.16
Hex Converter:   FromElf.exe V6.16
CPU DLL:         
Dialog DLL:      
Target DLL:      CMSIS_AGDI_V8M.DLL V1.7.0.0
Dialog DLL:      TCM.DLL V1.53.0.0
 
<h2>Project:</h2>
D:\Work_Area\Software\PD_Application\GD32E503RET6\MDK-ARM\GD32E503R_START.uvprojx
Project File Date:  11/18/2024

<h2>Output:</h2>
*** Using Compiler 'V6.16', folder: 'D:\Keil_v5\ARM\ARMCLANG\Bin'
Rebuild target 'GD32E503R_START'
compiling gd32e50x_crc.c...
compiling systick.c...
compiling main.c...
compiling gd32e50x_it.c...
compiling gd32e50x_adc.c...
compiling gd32e50x_cmp.c...
compiling system_gd32e50x.c...
compiling gd32e50x_dac.c...
compiling gd32e50x_ctc.c...
compiling gd32e50x_bkp.c...
compiling gd32e50x_can.c...
compiling gd32e50x_dbg.c...
compiling gd32e50x_dma.c...
compiling gd32e50x_enet.c...
compiling gd32e50x_exmc.c...
compiling gd32e50x_exti.c...
compiling gd32e50x_fmc.c...
compiling gd32e50x_fwdgt.c...
compiling gd32e50x_gpio.c...
compiling gd32e50x_misc.c...
compiling gd32e50x_rcu.c...
compiling gd32e50x_i2c.c...
compiling gd32e50x_pmu.c...
compiling gd32e50x_rtc.c...
compiling gd32e50x_sdio.c...
assembling startup_gd32e50x_hd.s...
compiling gd32e50x_sqpi.c...
compiling gd32e50x_spi.c...
compiling gd32e50x_shrtimer.c...
compiling gd32e50x_timer.c...
compiling gd32e503r_start.c...
compiling PD_Function.c...
compiling LED_Function.c...
compiling gd32e50x_tmu.c...
compiling gd32e50x_wwdgt.c...
compiling gd32e50x_usart.c...
compiling oled_check.c...
compiling oled.c...
compiling LED_Driver.c...
compiling software_iic_driver.c...
compiling iic_api.c...
compiling sw3516p_driver.c...
linking...
Program Size: Code=10714 RO-data=566 RW-data=24 ZI-data=1048  
FromELF: creating hex file...
".\output\Project.axf" - 0 Error(s), 0 Warning(s).

<h2>Software Packages used:</h2>

Package Vendor: ARM
                http://www.keil.com/pack/ARM.CMSIS.5.8.0.pack
                ARM.CMSIS.5.8.0
                CMSIS (Common Microcontroller Software Interface Standard)
   * Component: CORE Version: 5.5.0

Package Vendor: GigaDevice
                https://gd32mcu.com/data/documents/pack/GigaDevice.GD32E50x_DFP.1.3.2.pack
                GigaDevice.GD32E50x_DFP.1.3.2
                GigaDevice GD32E50x Series Device Support and Examples

<h2>Collection of Component include folders:</h2>
  .\RTE\_GD32E503R_START
  D:\Keil_v5\ARM\CMSIS\5.8.0\CMSIS\Core\Include
  D:\Keil_v5\GigaDevice\GD32E50x_DFP\1.3.2\Device\Include

<h2>Collection of Component Files used:</h2>

   * Component: ARM::CMSIS:CORE:5.5.0
Build Time Elapsed:  00:00:03
</pre>
</body>
</html>
